Archive member included to satisfy reference by file (symbol)

libDaisy//build/libdaisy.a(daisy_patch.o)
                              build/daisyfs.o (daisy::DaisyPatch::StartAudio(void (*)(float const* const*, float**, unsigned int)))
libDaisy//build/libdaisy.a(daisy_seed.o)
                              libDaisy//build/libdaisy.a(daisy_patch.o) (daisy::DaisySeed::Configure())
libDaisy//build/libdaisy.a(codec_ak4556.o)
                              libDaisy//build/libdaisy.a(daisy_patch.o) (daisy::Ak4556::Init(dsy_gpio_pin))
libDaisy//build/libdaisy.a(codec_wm8731.o)
                              libDaisy//build/libdaisy.a(daisy_seed.o) (daisy::Wm8731::Init(daisy::Wm8731::Config const&, daisy::I2CHandle))
libDaisy//build/libdaisy.a(sdram.o)
                              libDaisy//build/libdaisy.a(daisy_seed.o) (SdramHandle::Init())
libDaisy//build/libdaisy.a(audio.o)
                              libDaisy//build/libdaisy.a(daisy_seed.o) (daisy::AudioHandle::Init(daisy::AudioHandle::Config const&, daisy::SaiHandle))
libDaisy//build/libdaisy.a(ctrl.o)
                              libDaisy//build/libdaisy.a(daisy_patch.o) (daisy::AnalogControl::Init(unsigned short*, float, bool, bool, float))
libDaisy//build/libdaisy.a(encoder.o)
                              libDaisy//build/libdaisy.a(daisy_patch.o) (daisy::Encoder::Init(dsy_gpio_pin, dsy_gpio_pin, dsy_gpio_pin, float))
libDaisy//build/libdaisy.a(gatein.o)
                              libDaisy//build/libdaisy.a(daisy_patch.o) (daisy::GateIn::Init(dsy_gpio_pin*, bool))
libDaisy//build/libdaisy.a(switch.o)
                              libDaisy//build/libdaisy.a(encoder.o) (daisy::Switch::Init(dsy_gpio_pin, float))
libDaisy//build/libdaisy.a(adc.o)
                              libDaisy//build/libdaisy.a(daisy_patch.o) (daisy::AdcChannelConfig::InitSingle(dsy_gpio_pin))
libDaisy//build/libdaisy.a(dac.o)
                              libDaisy//build/libdaisy.a(daisy_patch.o) (daisy::DacHandle::Init(daisy::DacHandle::Config const&))
libDaisy//build/libdaisy.a(gpio.o)
                              libDaisy//build/libdaisy.a(daisy_patch.o) (dsy_gpio_init)
libDaisy//build/libdaisy.a(i2c.o)
                              libDaisy//build/libdaisy.a(daisy_seed.o) (daisy::I2CHandle::Init(daisy::I2CHandle::Config const&))
libDaisy//build/libdaisy.a(qspi.o)
                              libDaisy//build/libdaisy.a(daisy_seed.o) (daisy::QSPIHandle::Init(daisy::QSPIHandle::Config const&))
libDaisy//build/libdaisy.a(sai.o)
                              libDaisy//build/libdaisy.a(daisy_patch.o) (daisy::SaiHandle::Init(daisy::SaiHandle::Config const&))
libDaisy//build/libdaisy.a(spi.o)
                              libDaisy//build/libdaisy.a(daisy_patch.o) (daisy::SpiHandle::Init(daisy::SpiHandle::Config const&))
libDaisy//build/libdaisy.a(uart.o)
                              libDaisy//build/libdaisy.a(daisy_patch.o) (daisy::UartHandler::Init(daisy::UartHandler::Config const&))
libDaisy//build/libdaisy.a(system.o)
                              libDaisy//build/libdaisy.a(daisy_seed.o) (daisy::System::DeInit())
libDaisy//build/libdaisy.a(system_stm32h7xx.o)
                              build/startup_stm32h750xx.o (SystemInit)
libDaisy//build/libdaisy.a(usbd_conf.o)
                              libDaisy//build/libdaisy.a(system.o) (hpcd_USB_OTG_HS)
libDaisy//build/libdaisy.a(usbh_conf.o)
                              libDaisy//build/libdaisy.a(system.o) (hhcd_USB_OTG_HS)
libDaisy//build/libdaisy.a(hal_map.o)
                              libDaisy//build/libdaisy.a(gpio.o) (dsy_hal_map_get_port)
libDaisy//build/libdaisy.a(stm32h7xx_hal.o)
                              libDaisy//build/libdaisy.a(system.o) (HAL_Init)
libDaisy//build/libdaisy.a(stm32h7xx_hal_adc.o)
                              libDaisy//build/libdaisy.a(adc.o) (HAL_ADC_ConfigChannel)
libDaisy//build/libdaisy.a(stm32h7xx_hal_adc_ex.o)
                              libDaisy//build/libdaisy.a(adc.o) (HAL_ADCEx_Calibration_Start)
libDaisy//build/libdaisy.a(stm32h7xx_hal_cortex.o)
                              libDaisy//build/libdaisy.a(stm32h7xx_hal.o) (HAL_NVIC_SetPriorityGrouping)
libDaisy//build/libdaisy.a(stm32h7xx_hal_dac.o)
                              libDaisy//build/libdaisy.a(dac.o) (HAL_DAC_Init)
libDaisy//build/libdaisy.a(stm32h7xx_hal_dac_ex.o)
                              libDaisy//build/libdaisy.a(stm32h7xx_hal_dac.o) (HAL_DACEx_DMAUnderrunCallbackCh2)
libDaisy//build/libdaisy.a(stm32h7xx_hal_dma.o)
                              libDaisy//build/libdaisy.a(adc.o) (HAL_DMA_Init)
libDaisy//build/libdaisy.a(stm32h7xx_hal_gpio.o)
                              libDaisy//build/libdaisy.a(sdram.o) (HAL_GPIO_Init)
libDaisy//build/libdaisy.a(stm32h7xx_hal_hcd.o)
                              libDaisy//build/libdaisy.a(usbh_conf.o) (HAL_HCD_HC_Init)
libDaisy//build/libdaisy.a(stm32h7xx_hal_i2c.o)
                              libDaisy//build/libdaisy.a(i2c.o) (HAL_I2C_Init)
[...]
Memory Configuration

Name             Origin             Length             Attributes
FLASH            0x0000000008000000 0x0000000000020000 xr
DTCMRAM          0x0000000020000000 0x0000000000020000 xrw
SRAM             0x0000000024000000 0x0000000000080000 xrw
RAM_D2           0x0000000030000000 0x0000000000048000 xrw
RAM_D3           0x0000000038000000 0x0000000000010000 xrw
ITCMRAM          0x0000000000000000 0x0000000000010000 xrw
SDRAM            0x00000000c0000000 0x0000000004000000 xrw
QSPIFLASH        0x0000000090000000 0x0000000000800000 xr
*default*        0x0000000000000000 0xffffffffffffffff

Linker script and memory map

LOAD /Applications/ARM/bin/../lib/gcc/arm-none-eabi/10.3.1/thumb/v7e-m+dp/hard/crti.o
LOAD /Applications/ARM/bin/../lib/gcc/arm-none-eabi/10.3.1/thumb/v7e-m+dp/hard/crtbegin.o
LOAD /Applications/ARM/bin/../lib/gcc/arm-none-eabi/10.3.1/../../../../arm-none-eabi/lib/thumb/v7e-m+dp/hard/crt0.o
LOAD build/startup_stm32h750xx.o
LOAD build/daisyfs.o
LOAD libDaisy//build/libdaisy.a
LOAD /Applications/ARM/bin/../lib/gcc/arm-none-eabi/10.3.1/../../../../arm-none-eabi/lib/thumb/v7e-m+dp/hard/libnosys.a
LOAD DaisySP//build/libdaisysp.a
LOAD /Applications/ARM/bin/../lib/gcc/arm-none-eabi/10.3.1/../../../../arm-none-eabi/lib/thumb/v7e-m+dp/hard/libstdc++_nano.a
LOAD /Applications/ARM/bin/../lib/gcc/arm-none-eabi/10.3.1/../../../../arm-none-eabi/lib/thumb/v7e-m+dp/hard/libm.a
LOAD /Applications/ARM/bin/../lib/gcc/arm-none-eabi/10.3.1/../../../../arm-none-eabi/lib/thumb/v7e-m+dp/hard/libc_nano.a
START GROUP
LOAD /Applications/ARM/bin/../lib/gcc/arm-none-eabi/10.3.1/thumb/v7e-m+dp/hard/libgcc.a
LOAD /Applications/ARM/bin/../lib/gcc/arm-none-eabi/10.3.1/../../../../arm-none-eabi/lib/thumb/v7e-m+dp/hard/libc_nano.a
END GROUP
START GROUP
LOAD /Applications/ARM/bin/../lib/gcc/arm-none-eabi/10.3.1/thumb/v7e-m+dp/hard/libgcc.a
LOAD /Applications/ARM/bin/../lib/gcc/arm-none-eabi/10.3.1/../../../../arm-none-eabi/lib/thumb/v7e-m+dp/hard/libc_nano.a
LOAD /Applications/ARM/bin/../lib/gcc/arm-none-eabi/10.3.1/../../../../arm-none-eabi/lib/thumb/v7e-m+dp/hard/libnosys.a
END GROUP
START GROUP
LOAD /Applications/ARM/bin/../lib/gcc/arm-none-eabi/10.3.1/thumb/v7e-m+dp/hard/libgcc.a
LOAD /Applications/ARM/bin/../lib/gcc/arm-none-eabi/10.3.1/../../../../arm-none-eabi/lib/thumb/v7e-m+dp/hard/libc_nano.a
LOAD /Applications/ARM/bin/../lib/gcc/arm-none-eabi/10.3.1/../../../../arm-none-eabi/lib/thumb/v7e-m+dp/hard/libnosys.a
END GROUP
LOAD /Applications/ARM/bin/../lib/gcc/arm-none-eabi/10.3.1/thumb/v7e-m+dp/hard/crtend.o
LOAD /Applications/ARM/bin/../lib/gcc/arm-none-eabi/10.3.1/thumb/v7e-m+dp/hard/crtn.o
                0x0000000020020000                _estack = 0x20020000

.isr_vector     0x0000000008000000      0x298
                0x0000000008000000                . = ALIGN (0x4)
 *(.isr_vector)
 .isr_vector    0x0000000008000000      0x298 build/startup_stm32h750xx.o
                0x0000000008000000                g_pfnVectors
                0x0000000008000298                . = ALIGN (0x4)

.text           0x0000000008000298    0x13768
                0x0000000008000298                . = ALIGN (0x4)
                0x0000000008000298                _stext = .
 *(.text)
 .text          0x0000000008000298       0x40 /Applications/ARM/bin/../lib/gcc/arm-none-eabi/10.3.1/thumb/v7e-m+dp/hard/crtbegin.o
 .text          0x00000000080002d8      0x378 /Applications/ARM/bin/../lib/gcc/arm-none-eabi/10.3.1/thumb/v7e-m+dp/hard/libgcc.a(_arm_addsubdf3.o)
                0x00000000080002d8                __aeabi_drsub
                0x00000000080002e0                __subdf3
                0x00000000080002e0                __aeabi_dsub
                0x00000000080002e4                __aeabi_dadd
                0x00000000080002e4                __adddf3
                0x000000000800055c                __aeabi_ui2d
                0x000000000800055c                __floatunsidf
                0x000000000800057c                __floatsidf
                0x000000000800057c                __aeabi_i2d
                0x00000000080005a0                __extendsfdf2
                0x00000000080005a0                __aeabi_f2d
                0x00000000080005e4                __aeabi_ul2d
                0x00000000080005e4                __floatundidf
                0x00000000080005f4                __aeabi_l2d
                0x00000000080005f4                __floatdidf
 .text          0x0000000008000650       0x30 /Applications/ARM/bin/../lib/gcc/arm-none-eabi/10.3.1/thumb/v7e-m+dp/hard/libgcc.a(_aeabi_uldivmod.o)
                0x0000000008000650                __aeabi_uldivmod
 .text          0x0000000008000680      0x2d0 /Applications/ARM/bin/../lib/gcc/arm-none-eabi/10.3.1/thumb/v7e-m+dp/hard/libgcc.a(_udivmoddi4.o)
                0x0000000008000680                __udivmoddi4
 .text          0x0000000008000950        0x4 /Applications/ARM/bin/../lib/gcc/arm-none-eabi/10.3.1/thumb/v7e-m+dp/hard/libgcc.a(_dvmd_tls.o)
                0x0000000008000950                __aeabi_ldiv0
                0x0000000008000950                __aeabi_idiv0
 *(.text*)
 .text.Default_Handler
                0x0000000008000954        0x4 build/startup_stm32h750xx.o
                0x0000000008000954                SAI1_IRQHandler
                0x0000000008000954                HASH_RNG_IRQHandler
                0x0000000008000954                EXTI2_IRQHandler
                0x0000000008000954                TIM8_CC_IRQHandler
                0x0000000008000954                HRTIM1_Master_IRQHandler
                0x0000000008000954                DebugMon_Handler
                0x0000000008000954                TIM1_CC_IRQHandler
                0x0000000008000954                BDMA_Channel6_IRQHandler
                0x0000000008000954                DMA2_Stream5_IRQHandler
                0x0000000008000954                HRTIM1_FLT_IRQHandler
                0x0000000008000954                JPEG_IRQHandler
                0x0000000008000954                BDMA_Channel1_IRQHandler
                0x0000000008000954                HRTIM1_TIMD_IRQHandler
                0x0000000008000954                TAMP_STAMP_IRQHandler
                0x0000000008000954                PendSV_Handler
                0x0000000008000954                NMI_Handler
                0x0000000008000954                EXTI3_IRQHandler
                0x0000000008000954                LPTIM4_IRQHandler
                0x0000000008000954                TIM8_TRG_COM_TIM14_IRQHandler
                0x0000000008000954                LPTIM2_IRQHandler
                0x0000000008000954                DFSDM1_FLT1_IRQHandler
                0x0000000008000954                DMAMUX2_OVR_IRQHandler
                0x0000000008000954                TIM8_UP_TIM13_IRQHandler
                0x0000000008000954                I2C3_ER_IRQHandler
                0x0000000008000954                DFSDM1_FLT2_IRQHandler
                0x0000000008000954                MDMA_IRQHandler
                0x0000000008000954                LPTIM3_IRQHandler
                0x0000000008000954                HSEM1_IRQHandler
                0x0000000008000954                EXTI0_IRQHandler
                0x0000000008000954                FPU_IRQHandler
                0x0000000008000954                OTG_HS_WKUP_IRQHandler
                0x0000000008000954                FDCAN1_IT1_IRQHandler
                0x0000000008000954                UsageFault_Handler
                0x0000000008000954                LTDC_ER_IRQHandler
                0x0000000008000954                HRTIM1_TIME_IRQHandler
                0x0000000008000954                DCMI_IRQHandler
                0x0000000008000954                HRTIM1_TIMC_IRQHandler
                0x0000000008000954                SAI2_IRQHandler
                0x0000000008000954                DFSDM1_FLT3_IRQHandler
                0x0000000008000954                TIM17_IRQHandler
                0x0000000008000954                CRYP_IRQHandler
                0x0000000008000954                BDMA_Channel7_IRQHandler
                0x0000000008000954                LPTIM5_IRQHandler
                0x0000000008000954                ADC3_IRQHandler
                0x0000000008000954                BDMA_Channel2_IRQHandler
                0x0000000008000954                DMAMUX1_OVR_IRQHandler
                0x0000000008000954                TIM16_IRQHandler
                0x0000000008000954                BDMA_Channel5_IRQHandler
                0x0000000008000954                RCC_IRQHandler
                0x0000000008000954                TIM8_BRK_TIM12_IRQHandler
                0x0000000008000954                TIM1_TRG_COM_IRQHandler
                0x0000000008000954                Default_Handler
                0x0000000008000954                ECC_IRQHandler
                0x0000000008000954                CEC_IRQHandler
                0x0000000008000954                EXTI15_10_IRQHandler
                0x0000000008000954                BDMA_Channel0_IRQHandler
                0x0000000008000954                ADC_IRQHandler
                0x0000000008000954                DMA1_Stream7_IRQHandler
                0x0000000008000954                HRTIM1_TIMA_IRQHandler
                0x0000000008000954                TIM7_IRQHandler
                0x0000000008000954                SDMMC1_IRQHandler
                0x0000000008000954                DMA2_Stream7_IRQHandler
                0x0000000008000954                TIM15_IRQHandler
                0x0000000008000954                PVD_AVD_IRQHandler
                0x0000000008000954                EXTI9_5_IRQHandler
                0x0000000008000954                RTC_WKUP_IRQHandler
                0x0000000008000954                LTDC_IRQHandler
                0x0000000008000954                SAI3_IRQHandler
                0x0000000008000954                ETH_WKUP_IRQHandler
                0x0000000008000954                SPDIF_RX_IRQHandler
                0x0000000008000954                MemManage_Handler
                0x0000000008000954                SVC_Handler
                0x0000000008000954                CRS_IRQHandler
                0x0000000008000954                EXTI4_IRQHandler
                0x0000000008000954                HRTIM1_TIMB_IRQHandler
                0x0000000008000954                FDCAN2_IT1_IRQHandler
                0x0000000008000954                ETH_IRQHandler
                0x0000000008000954                TIM1_UP_IRQHandler
                0x0000000008000954                BDMA_Channel4_IRQHandler
                0x0000000008000954                WWDG_IRQHandler
                0x0000000008000954                SPI6_IRQHandler
                0x0000000008000954                I2C4_EV_IRQHandler
                0x0000000008000954                MDIOS_IRQHandler
                0x0000000008000954                FDCAN2_IT0_IRQHandler
                0x0000000008000954                FDCAN1_IT0_IRQHandler
                0x0000000008000954                OTG_FS_WKUP_IRQHandler
                0x0000000008000954                DMA2D_IRQHandler
                0x0000000008000954                TIM1_BRK_IRQHandler
                0x0000000008000954                EXTI1_IRQHandler
                0x0000000008000954                SDMMC2_IRQHandler
                0x0000000008000954                OTG_FS_EP1_OUT_IRQHandler
                0x0000000008000954                BDMA_Channel3_IRQHandler
                0x0000000008000954                MDIOS_WKUP_IRQHandler
                0x0000000008000954                DFSDM1_FLT0_IRQHandler
                0x0000000008000954                SAI4_IRQHandler
                0x0000000008000954                I2C2_ER_IRQHandler
                0x0000000008000954                FLASH_IRQHandler
                0x0000000008000954                BusFault_Handler
                0x0000000008000954                OTG_FS_IRQHandler
                0x0000000008000954                WAKEUP_PIN_IRQHandler
                0x0000000008000954                OTG_FS_EP1_IN_IRQHandler
                0x0000000008000954                I2C1_ER_IRQHandler
                0x0000000008000954                FMC_IRQHandler
                0x0000000008000954                FDCAN_CAL_IRQHandler
                0x0000000008000954                SWPMI1_IRQHandler
                0x0000000008000954                COMP1_IRQHandler
                0x0000000008000954                LPTIM1_IRQHandler
                0x0000000008000954                I2C4_ER_IRQHandler
                0x0000000008000954                DMA2_Stream6_IRQHandler
                0x0000000008000954                RTC_Alarm_IRQHandler
 .text.Reset_Handler
                0x0000000008000958       0x44 build/startup_stm32h750xx.o
                0x0000000008000958                Reset_Handler
 .text._ZN5daisy10DaisyPatchD2Ev
                0x000000000800099c        0x4 build/daisyfs.o
                0x000000000800099c                daisy::DaisyPatch::~DaisyPatch()
                0x000000000800099c                daisy::DaisyPatch::~DaisyPatch()
 .text._ZN5daisy11OledDisplayINS_13SSD130xDriverILj128ELj64ENS_24SSD130x4WireSpiTransportEEEED2Ev
                0x00000000080009a0        0x4 build/daisyfs.o
                0x00000000080009a0                daisy::OledDisplay<daisy::SSD130xDriver<128u, 64u, daisy::SSD130x4WireSpiTransport> >::~OledDisplay()
                0x00000000080009a0                daisy::OledDisplay<daisy::SSD130xDriver<128u, 64u, daisy::SSD130x4WireSpiTransport> >::~OledDisplay()
 .text._ZNK5daisy11OledDisplayINS_13SSD130xDriverILj128ELj64ENS_24SSD130x4WireSpiTransportEEEE6HeightEv
                0x00000000080009a4        0x4 build/daisyfs.o
                0x00000000080009a4                daisy::OledDisplay<daisy::SSD130xDriver<128u, 64u, daisy::SSD130x4WireSpiTransport> >::Height() const
 .text._ZNK5daisy11OledDisplayINS_13SSD130xDriverILj128ELj64ENS_24SSD130x4WireSpiTransportEEEE5WidthEv
                0x00000000080009a8        0x4 build/daisyfs.o
                0x00000000080009a8                daisy::OledDisplay<daisy::SSD130xDriver<128u, 64u, daisy::SSD130x4WireSpiTransport> >::Width() const
 .text._ZN5daisy11OledDisplayINS_13SSD130xDriverILj128ELj64ENS_24SSD130x4WireSpiTransportEEEE4FillEb
                0x00000000080009ac       0x10 build/daisyfs.o
                0x00000000080009ac                daisy::OledDisplay<daisy::SSD130xDriver<128u, 64u, daisy::SSD130x4WireSpiTransport> >::Fill(bool)
 .text._Z13AudioCallbackPKPKfPPfj
                0x00000000080009bc       0x5c build/daisyfs.o
                0x00000000080009bc                AudioCallback(float const* const*, float**, unsigned int)
 .text._ZN5daisy11OledDisplayINS_13SSD130xDriverILj128ELj64ENS_24SSD130x4WireSpiTransportEEEED0Ev
                0x0000000008000a18       0x10 build/daisyfs.o
                0x0000000008000a18                daisy::OledDisplay<daisy::SSD130xDriver<128u, 64u, daisy::SSD130x4WireSpiTransport> >::~OledDisplay()
 .text._ZN5daisy11OledDisplayINS_13SSD130xDriverILj128ELj64ENS_24SSD130x4WireSpiTransportEEEE6UpdateEv
                0x0000000008000a28       0x8c build/daisyfs.o
                0x0000000008000a28                daisy::OledDisplay<daisy::SSD130xDriver<128u, 64u, daisy::SSD130x4WireSpiTransport> >::Update()
 .text._ZN5daisy25OneBitGraphicsDisplayImplINS_11OledDisplayINS_13SSD130xDriverILj128ELj64ENS_24SSD130x4WireSpiTransportEEEEEE11WriteStringEPKc7FontDefb
                0x0000000008000ab4      0x1c0 build/daisyfs.o
                0x0000000008000ab4                daisy::OneBitGraphicsDisplayImpl<daisy::OledDisplay<daisy::SSD130xDriver<128u, 64u, daisy::SSD130x4WireSpiTransport> > >::WriteString(char const*, FontDef, bool)
 .text._ZN5daisy25OneBitGraphicsDisplayImplINS_11OledDisplayINS_13SSD130xDriverILj128ELj64ENS_24SSD130x4WireSpiTransportEEEEEE9WriteCharEc7FontDefb
                0x0000000008000c74      0x1a0 build/daisyfs.o
                0x0000000008000c74                daisy::OneBitGraphicsDisplayImpl<daisy::OledDisplay<daisy::SSD130xDriver<128u, 64u, daisy::SSD130x4WireSpiTransport> > >::WriteChar(char, FontDef, bool)
 .text._ZN5daisy25OneBitGraphicsDisplayImplINS_11OledDisplayINS_13SSD130xDriverILj128ELj64ENS_24SSD130x4WireSpiTransportEEEEEE18WriteStringAlignedEPKcRK7FontDefNS_9RectangleENS_9AlignmentEb
                0x0000000008000e14      0x3ec build/daisyfs.o
                0x0000000008000e14                daisy::OneBitGraphicsDisplayImpl<daisy::OledDisplay<daisy::SSD130xDriver<128u, 64u, daisy::SSD130x4WireSpiTransport> > >::WriteStringAligned(char const*, FontDef const&, daisy::Rectangle, daisy::Alignment, bool)
 .text._ZN5daisy11OledDisplayINS_13SSD130xDriverILj128ELj64ENS_24SSD130x4WireSpiTransportEEEE9DrawPixelEjjb
                0x0000000008001200       0x44 build/daisyfs.o
                0x0000000008001200                daisy::OledDisplay<daisy::SSD130xDriver<128u, 64u, daisy::SSD130x4WireSpiTransport> >::DrawPixel(unsigned int, unsigned int, bool)
 .text._ZN5daisy25OneBitGraphicsDisplayImplINS_11OledDisplayINS_13SSD130xDriverILj128ELj64ENS_24SSD130x4WireSpiTransportEEEEEE8DrawLineEjjjjb
                0x0000000008001244       0xfc build/daisyfs.o
                0x0000000008001244                daisy::OneBitGraphicsDisplayImpl<daisy::OledDisplay<daisy::SSD130xDriver<128u, 64u, daisy::SSD130x4WireSpiTransport> > >::DrawLine(unsigned int, unsigned int, unsigned int, unsigned int, bool)
 .text._ZN5daisy25OneBitGraphicsDisplayImplINS_11OledDisplayINS_13SSD130xDriverILj128ELj64ENS_24SSD130x4WireSpiTransportEEEEEE7DrawArcEjjjiib
                0x0000000008001340      0x478 build/daisyfs.o
                0x0000000008001340                daisy::OneBitGraphicsDisplayImpl<daisy::OledDisplay<daisy::SSD130xDriver<128u, 64u, daisy::SSD130x4WireSpiTransport> > >::DrawArc(unsigned int, unsigned int, unsigned int, int, int, bool)
 .text._ZN5daisy25OneBitGraphicsDisplayImplINS_11OledDisplayINS_13SSD130xDriverILj128ELj64ENS_24SSD130x4WireSpiTransportEEEEEE8DrawRectEjjjjbb
                0x00000000080017b8      0x418 build/daisyfs.o
                0x00000000080017b8                daisy::OneBitGraphicsDisplayImpl<daisy::OledDisplay<daisy::SSD130xDriver<128u, 64u, daisy::SSD130x4WireSpiTransport> > >::DrawRect(unsigned int, unsigned int, unsigned int, unsigned int, bool, bool)
 .text.startup.main
                0x0000000008001bd0       0x34 build/daisyfs.o
                0x0000000008001bd0                main
 .text.startup._GLOBAL__sub_I_hw
                0x0000000008001c04       0x6c build/daisyfs.o
 .text._ZN5daisy10DaisyPatch10StartAudioEPFvPKPKfPPfjE
                0x0000000008001c70        0x4 libDaisy//build/libdaisy.a(daisy_patch.o)
                0x0000000008001c70                daisy::DaisyPatch::StartAudio(void (*)(float const* const*, float**, unsigned int))
 .text._ZN5daisy10DaisyPatch18SetAudioSampleRateENS_9SaiHandle6Config10SampleRateE
                0x0000000008001c74       0x24 libDaisy//build/libdaisy.a(daisy_patch.o)
                0x0000000008001c74                daisy::DaisyPatch::SetAudioSampleRate(daisy::SaiHandle::Config::SampleRate)
 .text._ZN5daisy10DaisyPatch17SetAudioBlockSizeEj
                0x0000000008001c98       0x24 libDaisy//build/libdaisy.a(daisy_patch.o)
                0x0000000008001c98                daisy::DaisyPatch::SetAudioBlockSize(unsigned int)
 .text._ZN5daisy10DaisyPatch8StartAdcEv
                0x0000000008001cbc        0x8 libDaisy//build/libdaisy.a(daisy_patch.o)
                0x0000000008001cbc                daisy::DaisyPatch::StartAdc()
 .text._ZN5daisy10DaisyPatch21ProcessAnalogControlsEv
                0x0000000008001cc4       0x28 libDaisy//build/libdaisy.a(daisy_patch.o)
                0x0000000008001cc4                daisy::DaisyPatch::ProcessAnalogControls()
 .text._ZN5daisy10DaisyPatch22ProcessDigitalControlsEv
                0x0000000008001cec        0x8 libDaisy//build/libdaisy.a(daisy_patch.o)
                0x0000000008001cec                daisy::DaisyPatch::ProcessDigitalControls()
 .text._ZN5daisy10DaisyPatch9InitAudioEv
                0x0000000008001cf4       0xe4 libDaisy//build/libdaisy.a(daisy_patch.o)
                0x0000000008001cf4                daisy::DaisyPatch::InitAudio()
 .text._ZN5daisy10DaisyPatch12InitControlsEv
                0x0000000008001dd8       0xb0 libDaisy//build/libdaisy.a(daisy_patch.o)
                0x0000000008001dd8                daisy::DaisyPatch::InitControls()
 .text._ZN5daisy10DaisyPatch11InitDisplayEv
                0x0000000008001e88      0x370 libDaisy//build/libdaisy.a(daisy_patch.o)
                0x0000000008001e88                daisy::DaisyPatch::InitDisplay()
 .text._ZN5daisy10DaisyPatch4InitEb
                0x00000000080021f8      0x12c libDaisy//build/libdaisy.a(daisy_patch.o)
                0x00000000080021f8                daisy::DaisyPatch::Init(bool)
 .text._ZN5daisy9DaisySeed9ConfigureEv
                0x0000000008002324        0x4 libDaisy//build/libdaisy.a(daisy_seed.o)
                0x0000000008002324                daisy::DaisySeed::Configure()
 .text._ZN5daisy9DaisySeed6GetPinEh
                0x0000000008002328       0x2c libDaisy//build/libdaisy.a(daisy_seed.o)
                0x0000000008002328                daisy::DaisySeed::GetPin(unsigned char)
 .text._ZN5daisy9DaisySeed10StartAudioEPFvPKPKfPPfjE
                0x0000000008002354        0x8 libDaisy//build/libdaisy.a(daisy_seed.o)
                0x0000000008002354                daisy::DaisySeed::StartAudio(void (*)(float const* const*, float**, unsigned int))
 .text._ZN5daisy9DaisySeed18SetAudioSampleRateENS_9SaiHandle6Config10SampleRateE
                0x000000000800235c       0x38 libDaisy//build/libdaisy.a(daisy_seed.o)
                0x000000000800235c                daisy::DaisySeed::SetAudioSampleRate(daisy::SaiHandle::Config::SampleRate)
 .text._ZN5daisy9DaisySeed17SetAudioBlockSizeEj
                0x0000000008002394       0x38 libDaisy//build/libdaisy.a(daisy_seed.o)
                0x0000000008002394                daisy::DaisySeed::SetAudioBlockSize(unsigned int)
 .text._ZNK5daisy9DaisySeed17AudioCallbackRateEv
                0x00000000080023cc        0x8 libDaisy//build/libdaisy.a(daisy_seed.o)
                0x00000000080023cc                daisy::DaisySeed::AudioCallbackRate() const
 .text._ZN5daisy9DaisySeed14ConfigureAudioEv
                0x00000000080023d4       0xd0 libDaisy//build/libdaisy.a(daisy_seed.o)
                0x00000000080023d4                daisy::DaisySeed::ConfigureAudio()
 .text._ZN5daisy9DaisySeed4InitEb
                0x00000000080024a4       0xf0 libDaisy//build/libdaisy.a(daisy_seed.o)
                0x00000000080024a4                daisy::DaisySeed::Init(bool)
 .text._ZN5daisy9DaisySeed17CheckBoardVersionEv
                0x0000000008002594       0x30 libDaisy//build/libdaisy.a(daisy_seed.o)
                0x0000000008002594                daisy::DaisySeed::CheckBoardVersion()
 .text._ZN5daisy6Ak45564InitE12dsy_gpio_pin
                0x00000000080025c4       0x44 libDaisy//build/libdaisy.a(codec_ak4556.o)
                0x00000000080025c4                daisy::Ak4556::Init(dsy_gpio_pin)
 .text._ZN5daisy6Wm873120WriteControlRegisterEht
                0x0000000008002608       0x3c libDaisy//build/libdaisy.a(codec_wm8731.o)
                0x0000000008002608                daisy::Wm8731::WriteControlRegister(unsigned char, unsigned short)
 .text._ZN5daisy6Wm87314InitERKNS0_6ConfigENS_9I2CHandleE
                0x0000000008002644      0x1bc libDaisy//build/libdaisy.a(codec_wm8731.o)
                0x0000000008002644                daisy::Wm8731::Init(daisy::Wm8731::Config const&, daisy::I2CHandle)
 .text._ZN11SdramHandle10DeviceInitEv
                0x0000000008002800       0x98 libDaisy//build/libdaisy.a(sdram.o)
                0x0000000008002800                SdramHandle::DeviceInit()
 .text._ZN11SdramHandle4InitEv
                0x0000000008002898       0x7c libDaisy//build/libdaisy.a(sdram.o)
                0x0000000008002898                SdramHandle::Init()
 .text.HAL_SDRAM_MspInit
                0x0000000008002914      0x1a8 libDaisy//build/libdaisy.a(sdram.o)
                0x0000000008002914                HAL_SDRAM_MspInit
 .text._ZN5daisy11AudioHandle4Impl16InternalCallbackEPlS2_j
                0x0000000008002abc      0xbbc libDaisy//build/libdaisy.a(audio.o)
                0x0000000008002abc                daisy::AudioHandle::Impl::InternalCallback(long*, long*, unsigned int)
 .text._ZN5daisy11AudioHandle4InitERKNS0_6ConfigENS_9SaiHandleE
                0x0000000008003678       0x70 libDaisy//build/libdaisy.a(audio.o)
                0x0000000008003678                daisy::AudioHandle::Init(daisy::AudioHandle::Config const&, daisy::SaiHandle)
 .text._ZN5daisy11AudioHandle4InitERKNS0_6ConfigENS_9SaiHandleES4_
                0x00000000080036e8       0x88 libDaisy//build/libdaisy.a(audio.o)
                0x00000000080036e8                daisy::AudioHandle::Init(daisy::AudioHandle::Config const&, daisy::SaiHandle, daisy::SaiHandle)
 .text._ZNK5daisy11AudioHandle9GetConfigEv
                0x0000000008003770        0x8 libDaisy//build/libdaisy.a(audio.o)
                0x0000000008003770                daisy::AudioHandle::GetConfig() const
 .text._ZN5daisy11AudioHandle12SetBlockSizeEj
                0x0000000008003778       0x1c libDaisy//build/libdaisy.a(audio.o)
                0x0000000008003778                daisy::AudioHandle::SetBlockSize(unsigned int)
 .text._ZN5daisy11AudioHandle13GetSampleRateEv
                0x0000000008003794        0x8 libDaisy//build/libdaisy.a(audio.o)
                0x0000000008003794                daisy::AudioHandle::GetSampleRate()
 .text._ZN5daisy11AudioHandle13SetSampleRateENS_9SaiHandle6Config10SampleRateE
                0x000000000800379c       0x88 libDaisy//build/libdaisy.a(audio.o)
                0x000000000800379c                daisy::AudioHandle::SetSampleRate(daisy::SaiHandle::Config::SampleRate)
 .text._ZN5daisy11AudioHandle5StartEPFvPKPKfPPfjE
                0x0000000008003824       0x44 libDaisy//build/libdaisy.a(audio.o)
                0x0000000008003824                daisy::AudioHandle::Start(void (*)(float const* const*, float**, unsigned int))
 .text.startup._GLOBAL__sub_I__ZN5daisy11AudioHandle4Impl4InitENS0_6ConfigENS_9SaiHandleE
                0x0000000008003868       0x24 libDaisy//build/libdaisy.a(audio.o)
 .text._ZN5daisy13AnalogControl4InitEPtfbbf
                0x000000000800388c       0x64 libDaisy//build/libdaisy.a(ctrl.o)
                0x000000000800388c                daisy::AnalogControl::Init(unsigned short*, float, bool, bool, float)
 .text._ZN5daisy13AnalogControl7ProcessEv
                0x00000000080038f0       0x48 libDaisy//build/libdaisy.a(ctrl.o)
                0x00000000080038f0                daisy::AnalogControl::Process()
 .text._ZN5daisy13AnalogControl13SetSampleRateEf
                0x0000000008003938       0x58 libDaisy//build/libdaisy.a(ctrl.o)
                0x0000000008003938                daisy::AnalogControl::SetSampleRate(float)
 .text._ZN5daisy7Encoder4InitE12dsy_gpio_pinS1_S1_f
                0x0000000008003990       0x60 libDaisy//build/libdaisy.a(encoder.o)
                0x0000000008003990                daisy::Encoder::Init(dsy_gpio_pin, dsy_gpio_pin, dsy_gpio_pin, float)
 .text._ZN5daisy7Encoder8DebounceEv
                0x00000000080039f0       0x7c libDaisy//build/libdaisy.a(encoder.o)
                0x00000000080039f0                daisy::Encoder::Debounce()
 .text._ZN5daisy6GateIn4InitEP12dsy_gpio_pinb
                0x0000000008003a6c       0x14 libDaisy//build/libdaisy.a(gatein.o)
                0x0000000008003a6c                daisy::GateIn::Init(dsy_gpio_pin*, bool)
 .text._ZN5daisy6Switch4InitE12dsy_gpio_pinf
                0x0000000008003a80       0x34 libDaisy//build/libdaisy.a(switch.o)
                0x0000000008003a80                daisy::Switch::Init(dsy_gpio_pin, float)
 .text._ZN5daisy6Switch8DebounceEv
                0x0000000008003ab4       0x5c libDaisy//build/libdaisy.a(switch.o)
                0x0000000008003ab4                daisy::Switch::Debounce()
 .text._ZN5daisy16AdcChannelConfig10InitSingleE12dsy_gpio_pin
                0x0000000008003b10       0x1c libDaisy//build/libdaisy.a(adc.o)
                0x0000000008003b10                daisy::AdcChannelConfig::InitSingle(dsy_gpio_pin)
 .text._ZN5daisy9AdcHandle4InitEPNS_16AdcChannelConfigEjNS0_12OverSamplingE
                0x0000000008003b2c      0x3c8 libDaisy//build/libdaisy.a(adc.o)
                0x0000000008003b2c                daisy::AdcHandle::Init(daisy::AdcChannelConfig*, unsigned int, daisy::AdcHandle::OverSampling)
 .text._ZN5daisy9AdcHandle5StartEv
                0x0000000008003ef4       0x2c libDaisy//build/libdaisy.a(adc.o)
                0x0000000008003ef4                daisy::AdcHandle::Start()
 .text._ZNK5daisy9AdcHandle6GetPtrEh
                0x0000000008003f20       0x14 libDaisy//build/libdaisy.a(adc.o)
                0x0000000008003f20                daisy::AdcHandle::GetPtr(unsigned char) const
 .text.HAL_ADC_MspInit
                0x0000000008003f34       0x98 libDaisy//build/libdaisy.a(adc.o)
                0x0000000008003f34                HAL_ADC_MspInit
 .text.DMA1_Stream2_IRQHandler
                0x0000000008003fcc        0xc libDaisy//build/libdaisy.a(adc.o)
                0x0000000008003fcc                DMA1_Stream2_IRQHandler
 .text.HAL_ADC_ConvCpltCallback
                0x0000000008003fd8      0x148 libDaisy//build/libdaisy.a(adc.o)
                0x0000000008003fd8                HAL_ADC_ConvCpltCallback
 .text.HAL_ADC_ErrorCallback
                0x0000000008004120        0x4 libDaisy//build/libdaisy.a(adc.o)
                0x0000000008004120                HAL_ADC_ErrorCallback
 .text.HAL_DAC_MspInit
                0x0000000008004124      0x15c libDaisy//build/libdaisy.a(dac.o)
                0x0000000008004124                HAL_DAC_MspInit
 .text.DMA2_Stream0_IRQHandler
                0x0000000008004280        0xc libDaisy//build/libdaisy.a(dac.o)
                0x0000000008004280                DMA2_Stream0_IRQHandler
 .text.DMA2_Stream1_IRQHandler
                0x000000000800428c        0xc libDaisy//build/libdaisy.a(dac.o)
                0x000000000800428c                DMA2_Stream1_IRQHandler
 .text.TIM6_DAC_IRQHandler
                0x0000000008004298       0x1c libDaisy//build/libdaisy.a(dac.o)
                0x0000000008004298                TIM6_DAC_IRQHandler
 .text._ZN5daisy9DacHandle4InitERKNS0_6ConfigE
                0x00000000080042b4       0xfc libDaisy//build/libdaisy.a(dac.o)
                0x00000000080042b4                daisy::DacHandle::Init(daisy::DacHandle::Config const&)
 .text._ZN5daisy9DacHandle10WriteValueENS0_7ChannelEt
                0x00000000080043b0       0x70 libDaisy//build/libdaisy.a(dac.o)
                0x00000000080043b0                daisy::DacHandle::WriteValue(daisy::DacHandle::Channel, unsigned short)
 .text.dsy_gpio_init
                0x0000000008004420      0x1b8 libDaisy//build/libdaisy.a(gpio.o)
                0x0000000008004420                dsy_gpio_init
 .text.dsy_gpio_read
                0x00000000080045d8       0x1c libDaisy//build/libdaisy.a(gpio.o)
                0x00000000080045d8                dsy_gpio_read
 .text.dsy_gpio_write
                0x00000000080045f4       0x24 libDaisy//build/libdaisy.a(gpio.o)
                0x00000000080045f4                dsy_gpio_write
 .text._ZN5daisy9I2CHandle4Impl8InitPinsEv
                0x0000000008004618       0x58 libDaisy//build/libdaisy.a(i2c.o)
                0x0000000008004618                daisy::I2CHandle::Impl::InitPins()
 .text.HAL_I2C_MspInit
                0x0000000008004670      0x1b4 libDaisy//build/libdaisy.a(i2c.o)
                0x0000000008004670                HAL_I2C_MspInit
 .text.dsy_i2c_global_init
                0x0000000008004824       0x78 libDaisy//build/libdaisy.a(i2c.o)
                0x0000000008004824                dsy_i2c_global_init
 .text.DMA1_Stream6_IRQHandler
                0x000000000800489c       0x34 libDaisy//build/libdaisy.a(i2c.o)
                0x000000000800489c                DMA1_Stream6_IRQHandler
 .text.I2C1_EV_IRQHandler
                0x00000000080048d0        0xc libDaisy//build/libdaisy.a(i2c.o)
                0x00000000080048d0                I2C1_EV_IRQHandler
 .text.I2C2_EV_IRQHandler
                0x00000000080048dc        0xc libDaisy//build/libdaisy.a(i2c.o)
                0x00000000080048dc                I2C2_EV_IRQHandler
 .text.I2C3_EV_IRQHandler
                0x00000000080048e8        0xc libDaisy//build/libdaisy.a(i2c.o)
                0x00000000080048e8                I2C3_EV_IRQHandler
 .text._ZN5daisy9I2CHandle4InitERKNS0_6ConfigE
                0x00000000080048f4      0x12c libDaisy//build/libdaisy.a(i2c.o)
                0x00000000080048f4                daisy::I2CHandle::Init(daisy::I2CHandle::Config const&)
 .text._ZN5daisy9I2CHandle16TransmitBlockingEtPhtm
                0x0000000008004a20       0x50 libDaisy//build/libdaisy.a(i2c.o)
                0x0000000008004a20                daisy::I2CHandle::TransmitBlocking(unsigned short, unsigned char*, unsigned short, unsigned long)
 .text.startup._GLOBAL__sub_I__ZN5daisy9I2CHandle4Impl10GlobalInitEv
                0x0000000008004a70       0x18 libDaisy//build/libdaisy.a(i2c.o)
 .text._ZN5daisy10QSPIHandle4Impl11WriteEnableEv
                0x0000000008004a88       0x8c libDaisy//build/libdaisy.a(qspi.o)
                0x0000000008004a88                daisy::QSPIHandle::Impl::WriteEnable()
 *fill*         0x0000000008004b14        0x4 
 .text._ZN5daisy10QSPIHandle4Impl17DummyCyclesConfigENS0_6Config6DeviceE
                0x0000000008004b18      0x118 libDaisy//build/libdaisy.a(qspi.o)
                0x0000000008004b18                daisy::QSPIHandle::Impl::DummyCyclesConfig(daisy::QSPIHandle::Config::Device)
 .text._ZN5daisy10QSPIHandle4Impl10QuadEnableEv
                0x0000000008004c30      0x158 libDaisy//build/libdaisy.a(qspi.o)
                0x0000000008004c30                daisy::QSPIHandle::Impl::QuadEnable()
 .text._ZN5daisy10QSPIHandle4InitERKNS0_6ConfigE
                0x0000000008004d88      0x198 libDaisy//build/libdaisy.a(qspi.o)
                0x0000000008004d88                daisy::QSPIHandle::Init(daisy::QSPIHandle::Config const&)
 .text.HAL_QSPI_MspInit
                0x0000000008004f20      0x11c libDaisy//build/libdaisy.a(qspi.o)
                0x0000000008004f20                HAL_QSPI_MspInit
 .text.HAL_QSPI_MspDeInit
                0x000000000800503c       0x54 libDaisy//build/libdaisy.a(qspi.o)
                0x000000000800503c                HAL_QSPI_MspDeInit
 .text.QUADSPI_IRQHandler
                0x0000000008005090        0xc libDaisy//build/libdaisy.a(qspi.o)
                0x0000000008005090                QUADSPI_IRQHandler
 .text.startup._GLOBAL__sub_I__ZN5daisy10QSPIHandle4Impl4InitERKNS0_6ConfigE
                0x000000000800509c       0x28 libDaisy//build/libdaisy.a(qspi.o)
 .text._ZN5daisy9SaiHandle4Impl7InitDmaENS1_15PeripheralBlockE
                0x00000000080050c4       0xa0 libDaisy//build/libdaisy.a(sai.o)
                0x00000000080050c4                daisy::SaiHandle::Impl::InitDma(daisy::SaiHandle::Impl::PeripheralBlock)
 .text._ZN5daisy9SaiHandle4Impl8InitPinsEv
                0x0000000008005164       0xa8 libDaisy//build/libdaisy.a(sai.o)
                0x0000000008005164                daisy::SaiHandle::Impl::InitPins()
 .text.HAL_SAI_MspInit
                0x000000000800520c      0x164 libDaisy//build/libdaisy.a(sai.o)
                0x000000000800520c                HAL_SAI_MspInit
 .text.DMA1_Stream0_IRQHandler
                0x0000000008005370        0xc libDaisy//build/libdaisy.a(sai.o)
                0x0000000008005370                DMA1_Stream0_IRQHandler
 .text.DMA1_Stream1_IRQHandler
                0x000000000800537c        0xc libDaisy//build/libdaisy.a(sai.o)
                0x000000000800537c                DMA1_Stream1_IRQHandler
 .text.DMA1_Stream3_IRQHandler
                0x0000000008005388        0xc libDaisy//build/libdaisy.a(sai.o)
                0x0000000008005388                DMA1_Stream3_IRQHandler
 .text.DMA1_Stream4_IRQHandler
                0x0000000008005394        0xc libDaisy//build/libdaisy.a(sai.o)
                0x0000000008005394                DMA1_Stream4_IRQHandler
 .text.HAL_SAI_RxHalfCpltCallback
                0x00000000080053a0       0x78 libDaisy//build/libdaisy.a(sai.o)
                0x00000000080053a0                HAL_SAI_RxHalfCpltCallback
 .text.HAL_SAI_RxCpltCallback
                0x0000000008005418       0x70 libDaisy//build/libdaisy.a(sai.o)
                0x0000000008005418                HAL_SAI_RxCpltCallback
 .text._ZN5daisy9SaiHandle4InitERKNS0_6ConfigE
                0x0000000008005488      0x1f0 libDaisy//build/libdaisy.a(sai.o)
                0x0000000008005488                daisy::SaiHandle::Init(daisy::SaiHandle::Config const&)
 .text._ZNK5daisy9SaiHandle9GetConfigEv
                0x0000000008005678        0x4 libDaisy//build/libdaisy.a(sai.o)
                0x0000000008005678                daisy::SaiHandle::GetConfig() const
 .text._ZN5daisy9SaiHandle8StartDmaEPlS1_jPFvS1_S1_jE
                0x000000000800567c       0xbc libDaisy//build/libdaisy.a(sai.o)
                0x000000000800567c                daisy::SaiHandle::StartDma(long*, long*, unsigned int, void (*)(long*, long*, unsigned int))
 .text._ZN5daisy9SaiHandle13GetSampleRateEv
                0x0000000008005738       0x24 libDaisy//build/libdaisy.a(sai.o)
                0x0000000008005738                daisy::SaiHandle::GetSampleRate()
 .text._ZNK5daisy9SaiHandle9GetOffsetEv
                0x000000000800575c        0x8 libDaisy//build/libdaisy.a(sai.o)
                0x000000000800575c                daisy::SaiHandle::GetOffset() const
 .text._ZN5daisy9SpiHandle4Impl7InitDmaEv
                0x0000000008005764       0xec libDaisy//build/libdaisy.a(spi.o)
                0x0000000008005764                daisy::SpiHandle::Impl::InitDma()
 .text._ZN5daisy9SpiHandle4Impl10StartDmaTxEPhjPFvPvEPFvS3_NS0_6ResultEES3_
                0x0000000008005850       0xc8 libDaisy//build/libdaisy.a(spi.o)
                0x0000000008005850                daisy::SpiHandle::Impl::StartDmaTx(unsigned char*, unsigned int, void (*)(void*), void (*)(void*, daisy::SpiHandle::Result), void*)
 .text._ZN5daisy9SpiHandle4Impl10StartDmaRxEPhjPFvPvEPFvS3_NS0_6ResultEES3_
                0x0000000008005918       0xc8 libDaisy//build/libdaisy.a(spi.o)
                0x0000000008005918                daisy::SpiHandle::Impl::StartDmaRx(unsigned char*, unsigned int, void (*)(void*), void (*)(void*, daisy::SpiHandle::Result), void*)
 .text._ZN5daisy9SpiHandle4Impl12StartDmaRxTxEPhS2_jPFvPvEPFvS3_NS0_6ResultEES3_
                0x00000000080059e0       0xcc libDaisy//build/libdaisy.a(spi.o)
                0x00000000080059e0                daisy::SpiHandle::Impl::StartDmaRxTx(unsigned char*, unsigned char*, unsigned int, void (*)(void*), void (*)(void*, daisy::SpiHandle::Result), void*)
 .text._ZN5daisy9SpiHandle4Impl8InitPinsEv
                0x0000000008005aac      0x274 libDaisy//build/libdaisy.a(spi.o)
                0x0000000008005aac                daisy::SpiHandle::Impl::InitPins()
 .text.HAL_SPI_MspInit
                0x0000000008005d20      0x1a8 libDaisy//build/libdaisy.a(spi.o)
                0x0000000008005d20                HAL_SPI_MspInit
 .text.dsy_spi_global_init
                0x0000000008005ec8       0x80 libDaisy//build/libdaisy.a(spi.o)
                0x0000000008005ec8                dsy_spi_global_init
 .text.SPI1_IRQHandler
                0x0000000008005f48        0xc libDaisy//build/libdaisy.a(spi.o)
                0x0000000008005f48                SPI1_IRQHandler
 .text.SPI2_IRQHandler
                0x0000000008005f54        0xc libDaisy//build/libdaisy.a(spi.o)
                0x0000000008005f54                SPI2_IRQHandler
 .text.SPI3_IRQHandler
                0x0000000008005f60        0xc libDaisy//build/libdaisy.a(spi.o)
                0x0000000008005f60                SPI3_IRQHandler
 .text.SPI4_IRQHandler
                0x0000000008005f6c        0xc libDaisy//build/libdaisy.a(spi.o)
                0x0000000008005f6c                SPI4_IRQHandler
 .text.SPI5_IRQHandler
                0x0000000008005f78        0xc libDaisy//build/libdaisy.a(spi.o)
                0x0000000008005f78                SPI5_IRQHandler
 .text.DMA2_Stream2_IRQHandler
                0x0000000008005f84       0x34 libDaisy//build/libdaisy.a(spi.o)
                0x0000000008005f84                DMA2_Stream2_IRQHandler
 .text.DMA2_Stream3_IRQHandler
                0x0000000008005fb8       0x38 libDaisy//build/libdaisy.a(spi.o)
                0x0000000008005fb8                DMA2_Stream3_IRQHandler
 .text.HAL_SPI_TxCpltCallback
                0x0000000008005ff0       0xc4 libDaisy//build/libdaisy.a(spi.o)
                0x0000000008005ff0                HAL_SPI_TxCpltCallback
 .text.HAL_SPI_RxCpltCallback
                0x00000000080060b4       0xc4 libDaisy//build/libdaisy.a(spi.o)
                0x00000000080060b4                HAL_SPI_RxCpltCallback
 .text.HAL_SPI_TxRxCpltCallback
                0x0000000008006178       0xc4 libDaisy//build/libdaisy.a(spi.o)
                0x0000000008006178                HAL_SPI_TxRxCpltCallback
 .text.HAL_SPI_ErrorCallback
                0x000000000800623c       0xc8 libDaisy//build/libdaisy.a(spi.o)
                0x000000000800623c                HAL_SPI_ErrorCallback
 .text._ZN5daisy9SpiHandle4InitERKNS0_6ConfigE
                0x0000000008006304      0x110 libDaisy//build/libdaisy.a(spi.o)
                0x0000000008006304                daisy::SpiHandle::Init(daisy::SpiHandle::Config const&)
 .text._ZN5daisy9SpiHandle16BlockingTransmitEPhjm
                0x0000000008006414       0x14 libDaisy//build/libdaisy.a(spi.o)
                0x0000000008006414                daisy::SpiHandle::BlockingTransmit(unsigned char*, unsigned int, unsigned long)
 .text.startup._GLOBAL__sub_I__Z19MapInstanceToHandleP11SPI_TypeDef
                0x0000000008006428      0x1b0 libDaisy//build/libdaisy.a(spi.o)
 .text._ZN5daisy11UartHandler4Impl7InitDmaEbb
                0x00000000080065d8      0x164 libDaisy//build/libdaisy.a(uart.o)
                0x00000000080065d8                daisy::UartHandler::Impl::InitDma(bool, bool)
 .text._ZN5daisy11UartHandler4Impl10HandleFifoEv
                0x000000000800673c       0xec libDaisy//build/libdaisy.a(uart.o)
                0x000000000800673c                daisy::UartHandler::Impl::HandleFifo()
 .text._ZN5daisy11UartHandler4Impl10StartDmaTxEPhjPFvPvEPFvS3_NS0_6ResultEES3_
                0x0000000008006828       0xcc libDaisy//build/libdaisy.a(uart.o)
                0x0000000008006828                daisy::UartHandler::Impl::StartDmaTx(unsigned char*, unsigned int, void (*)(void*), void (*)(void*, daisy::UartHandler::Result), void*)
 .text._ZN5daisy11UartHandler4Impl10StartDmaRxEPhjPFvPvEPFvS3_NS0_6ResultEES3_
                0x00000000080068f4       0xcc libDaisy//build/libdaisy.a(uart.o)
                0x00000000080068f4                daisy::UartHandler::Impl::StartDmaRx(unsigned char*, unsigned int, void (*)(void*), void (*)(void*, daisy::UartHandler::Result), void*)
 .text._ZN5daisy11UartHandler4Impl19DmaTransferFinishedEP20__UART_HandleTypeDefNS0_6ResultE
                0x00000000080069c0       0xc0 libDaisy//build/libdaisy.a(uart.o)
                0x00000000080069c0                daisy::UartHandler::Impl::DmaTransferFinished(__UART_HandleTypeDef*, daisy::UartHandler::Result)
 .text._ZN5daisy11UartHandler4Impl8InitPinsEv
                0x0000000008006a80      0x150 libDaisy//build/libdaisy.a(uart.o)
                0x0000000008006a80                daisy::UartHandler::Impl::InitPins()
 .text.HAL_UART_MspInit
                0x0000000008006bd0      0x210 libDaisy//build/libdaisy.a(uart.o)
                0x0000000008006bd0                HAL_UART_MspInit
 .text.dsy_uart_global_init
                0x0000000008006de0       0xfc libDaisy//build/libdaisy.a(uart.o)
                0x0000000008006de0                dsy_uart_global_init
 .text.USART1_IRQHandler
                0x0000000008006edc       0x30 libDaisy//build/libdaisy.a(uart.o)
                0x0000000008006edc                USART1_IRQHandler
 .text.USART2_IRQHandler
                0x0000000008006f0c       0x34 libDaisy//build/libdaisy.a(uart.o)
                0x0000000008006f0c                USART2_IRQHandler
 .text.USART3_IRQHandler
                0x0000000008006f40       0x34 libDaisy//build/libdaisy.a(uart.o)
                0x0000000008006f40                USART3_IRQHandler
 .text.UART4_IRQHandler
                0x0000000008006f74       0x34 libDaisy//build/libdaisy.a(uart.o)
                0x0000000008006f74                UART4_IRQHandler
 .text.UART5_IRQHandler
                0x0000000008006fa8       0x34 libDaisy//build/libdaisy.a(uart.o)
                0x0000000008006fa8                UART5_IRQHandler
 .text.USART6_IRQHandler
                0x0000000008006fdc       0x34 libDaisy//build/libdaisy.a(uart.o)
                0x0000000008006fdc                USART6_IRQHandler
 .text.UART7_IRQHandler
                0x0000000008007010       0x30 libDaisy//build/libdaisy.a(uart.o)
                0x0000000008007010                UART7_IRQHandler
 .text.UART8_IRQHandler
                0x0000000008007040       0x34 libDaisy//build/libdaisy.a(uart.o)
                0x0000000008007040                UART8_IRQHandler
 .text.LPUART1_IRQHandler
                0x0000000008007074       0x34 libDaisy//build/libdaisy.a(uart.o)
                0x0000000008007074                LPUART1_IRQHandler
 .text.DMA1_Stream5_IRQHandler
                0x00000000080070a8       0x34 libDaisy//build/libdaisy.a(uart.o)
                0x00000000080070a8                DMA1_Stream5_IRQHandler
 .text.DMA2_Stream4_IRQHandler
                0x00000000080070dc       0x34 libDaisy//build/libdaisy.a(uart.o)
                0x00000000080070dc                DMA2_Stream4_IRQHandler
 .text.HAL_UART_TxCpltCallback
                0x0000000008007110        0x8 libDaisy//build/libdaisy.a(uart.o)
                0x0000000008007110                HAL_UART_TxCpltCallback
 .text.HAL_UART_RxCpltCallback
                0x0000000008007118        0x8 libDaisy//build/libdaisy.a(uart.o)
                0x0000000008007118                HAL_UART_RxCpltCallback
 .text.HAL_UART_ErrorCallback
                0x0000000008007120        0x8 libDaisy//build/libdaisy.a(uart.o)
                0x0000000008007120                HAL_UART_ErrorCallback
 .text._ZN5daisy11UartHandler4InitERKNS0_6ConfigE
                0x0000000008007128       0xec libDaisy//build/libdaisy.a(uart.o)
                0x0000000008007128                daisy::UartHandler::Init(daisy::UartHandler::Config const&)
 .text.startup._GLOBAL__sub_I__Z19MapInstanceToHandleP13USART_TypeDef
                0x0000000008007214      0x190 libDaisy//build/libdaisy.a(uart.o)
 .text._ZN5daisy11TimerHandleD2Ev
                0x00000000080073a4        0x4 libDaisy//build/libdaisy.a(system.o)
                0x00000000080073a4                daisy::TimerHandle::~TimerHandle()
                0x00000000080073a4                daisy::TimerHandle::~TimerHandle()
 .text.SysTick_Handler
                0x00000000080073a8       0x10 libDaisy//build/libdaisy.a(system.o)
                0x00000000080073a8                SysTick_Handler
 .text.OTG_HS_EP1_OUT_IRQHandler
                0x00000000080073b8       0x24 libDaisy//build/libdaisy.a(system.o)
                0x00000000080073b8                OTG_HS_EP1_OUT_IRQHandler
 .text.OTG_HS_EP1_IN_IRQHandler
                0x00000000080073dc       0x24 libDaisy//build/libdaisy.a(system.o)
                0x00000000080073dc                OTG_HS_EP1_IN_IRQHandler
 .text.OTG_HS_IRQHandler
                0x0000000008007400       0x24 libDaisy//build/libdaisy.a(system.o)
                0x0000000008007400                OTG_HS_IRQHandler
 .text.HardFault_Handler
                0x0000000008007424       0xe0 libDaisy//build/libdaisy.a(system.o)
                0x0000000008007424                HardFault_Handler
 .text._ZN5daisy6System6GetNowEv
                0x0000000008007504        0x4 libDaisy//build/libdaisy.a(system.o)
                0x0000000008007504                daisy::System::GetNow()
 .text._ZN5daisy6System5DelayEm
                0x0000000008007508        0x4 libDaisy//build/libdaisy.a(system.o)
                0x0000000008007508                daisy::System::Delay(unsigned long)
 .text._ZN5daisy6System15ConfigureClocksEv
                0x000000000800750c      0x194 libDaisy//build/libdaisy.a(system.o)
                0x000000000800750c                daisy::System::ConfigureClocks()
 .text._ZN5daisy6System4InitERKNS0_6ConfigE
                0x00000000080076a0      0x140 libDaisy//build/libdaisy.a(system.o)
                0x00000000080076a0                daisy::System::Init(daisy::System::Config const&)
 .text._ZN5daisy6System12GetPClk1FreqEv
                0x00000000080077e0        0x4 libDaisy//build/libdaisy.a(system.o)
                0x00000000080077e0                daisy::System::GetPClk1Freq()
 .text._ZN5daisy6System12GetPClk2FreqEv
                0x00000000080077e4        0x4 libDaisy//build/libdaisy.a(system.o)
                0x00000000080077e4                daisy::System::GetPClk2Freq()
 .text._ZN5daisy6System22GetProgramMemoryRegionEv
                0x00000000080077e8       0x78 libDaisy//build/libdaisy.a(system.o)
                0x00000000080077e8                daisy::System::GetProgramMemoryRegion()
 .text.startup._GLOBAL__sub_I_SysTick_Handler
                0x0000000008007860       0x1c libDaisy//build/libdaisy.a(system.o)
 .text.SystemInit
                0x000000000800787c       0x9c libDaisy//build/libdaisy.a(system_stm32h7xx.o)
                0x000000000800787c                SystemInit
 .text.HAL_PCD_SetupStageCallback
                0x0000000008007918        0xc libDaisy//build/libdaisy.a(usbd_conf.o)
                0x0000000008007918                HAL_PCD_SetupStageCallback
 .text.HAL_PCD_DataOutStageCallback
                0x0000000008007924       0x14 libDaisy//build/libdaisy.a(usbd_conf.o)
                0x0000000008007924                HAL_PCD_DataOutStageCallback
 .text.HAL_PCD_DataInStageCallback
                0x0000000008007938       0x14 libDaisy//build/libdaisy.a(usbd_conf.o)
                0x0000000008007938                HAL_PCD_DataInStageCallback
 .text.HAL_PCD_SOFCallback
                0x000000000800794c        0x8 libDaisy//build/libdaisy.a(usbd_conf.o)
                0x000000000800794c                HAL_PCD_SOFCallback
 .text.HAL_PCD_ResetCallback
                0x0000000008007954       0x24 libDaisy//build/libdaisy.a(usbd_conf.o)
                0x0000000008007954                HAL_PCD_ResetCallback
 .text.HAL_PCD_SuspendCallback
                0x0000000008007978       0x30 libDaisy//build/libdaisy.a(usbd_conf.o)
                0x0000000008007978                HAL_PCD_SuspendCallback
 .text.HAL_PCD_ResumeCallback
                0x00000000080079a8        0x8 libDaisy//build/libdaisy.a(usbd_conf.o)
                0x00000000080079a8                HAL_PCD_ResumeCallback
 .text.HAL_PCD_ISOOUTIncompleteCallback
                0x00000000080079b0        0x8 libDaisy//build/libdaisy.a(usbd_conf.o)
                0x00000000080079b0                HAL_PCD_ISOOUTIncompleteCallback
 .text.HAL_PCD_ISOINIncompleteCallback
                0x00000000080079b8        0x8 libDaisy//build/libdaisy.a(usbd_conf.o)
                0x00000000080079b8                HAL_PCD_ISOINIncompleteCallback
 .text.HAL_PCD_ConnectCallback
                0x00000000080079c0        0x8 libDaisy//build/libdaisy.a(usbd_conf.o)
                0x00000000080079c0                HAL_PCD_ConnectCallback
 .text.HAL_PCD_DisconnectCallback
                0x00000000080079c8        0x8 libDaisy//build/libdaisy.a(usbd_conf.o)
                0x00000000080079c8                HAL_PCD_DisconnectCallback
 .text.USBD_LL_OpenEP
                0x00000000080079d0       0x24 libDaisy//build/libdaisy.a(usbd_conf.o)
                0x00000000080079d0                USBD_LL_OpenEP
 .text.USBD_LL_StallEP
                0x00000000080079f4       0x1c libDaisy//build/libdaisy.a(usbd_conf.o)
                0x00000000080079f4                USBD_LL_StallEP
 .text.USBD_LL_ClearStallEP
                0x0000000008007a10       0x1c libDaisy//build/libdaisy.a(usbd_conf.o)
                0x0000000008007a10                USBD_LL_ClearStallEP
 .text.USBD_LL_IsStallEP
                0x0000000008007a2c       0x28 libDaisy//build/libdaisy.a(usbd_conf.o)
                0x0000000008007a2c                USBD_LL_IsStallEP
 .text.USBD_LL_SetUSBAddress
                0x0000000008007a54       0x1c libDaisy//build/libdaisy.a(usbd_conf.o)
                0x0000000008007a54                USBD_LL_SetUSBAddress
 .text.USBD_LL_Transmit
                0x0000000008007a70       0x1c libDaisy//build/libdaisy.a(usbd_conf.o)
                0x0000000008007a70                USBD_LL_Transmit
 .text.USBD_LL_PrepareReceive
                0x0000000008007a8c       0x1c libDaisy//build/libdaisy.a(usbd_conf.o)
                0x0000000008007a8c                USBD_LL_PrepareReceive
 .text.HAL_HCD_SOF_Callback
                0x0000000008007aa8        0x8 libDaisy//build/libdaisy.a(usbh_conf.o)
                0x0000000008007aa8                HAL_HCD_SOF_Callback
 .text.HAL_HCD_Connect_Callback
                0x0000000008007ab0        0x8 libDaisy//build/libdaisy.a(usbh_conf.o)
                0x0000000008007ab0                HAL_HCD_Connect_Callback
 .text.HAL_HCD_Disconnect_Callback
                0x0000000008007ab8        0x8 libDaisy//build/libdaisy.a(usbh_conf.o)
                0x0000000008007ab8                HAL_HCD_Disconnect_Callback
 .text.HAL_HCD_HC_NotifyURBChange_Callback
                0x0000000008007ac0        0x4 libDaisy//build/libdaisy.a(usbh_conf.o)
                0x0000000008007ac0                HAL_HCD_HC_NotifyURBChange_Callback
 .text.HAL_HCD_PortEnabled_Callback
                0x0000000008007ac4        0x8 libDaisy//build/libdaisy.a(usbh_conf.o)
                0x0000000008007ac4                HAL_HCD_PortEnabled_Callback
 .text.HAL_HCD_PortDisabled_Callback
                0x0000000008007acc        0x8 libDaisy//build/libdaisy.a(usbh_conf.o)
                0x0000000008007acc                HAL_HCD_PortDisabled_Callback
 .text.USBH_LL_Stop
                0x0000000008007ad4       0x1c libDaisy//build/libdaisy.a(usbh_conf.o)
                0x0000000008007ad4                USBH_LL_Stop
 .text.dsy_hal_map_get_port
                0x0000000008007af0       0x10 libDaisy//build/libdaisy.a(hal_map.o)
                0x0000000008007af0                dsy_hal_map_get_port
 .text.dsy_hal_map_get_pin
                0x0000000008007b00       0x10 libDaisy//build/libdaisy.a(hal_map.o)
                0x0000000008007b00                dsy_hal_map_get_pin
 .text.dsy_hal_map_gpio_clk_enable
                0x0000000008007b10      0x150 libDaisy//build/libdaisy.a(hal_map.o)
                0x0000000008007b10                dsy_hal_map_gpio_clk_enable
 .text.HAL_MspInit
                0x0000000008007c60        0x4 libDaisy//build/libdaisy.a(stm32h7xx_hal.o)
                0x0000000008007c60                HAL_MspInit
 .text.HAL_InitTick
                0x0000000008007c64       0x4c libDaisy//build/libdaisy.a(stm32h7xx_hal.o)
                0x0000000008007c64                HAL_InitTick
 .text.HAL_Init
                0x0000000008007cb0       0x60 libDaisy//build/libdaisy.a(stm32h7xx_hal.o)
                0x0000000008007cb0                HAL_Init
 .text.HAL_IncTick
                0x0000000008007d10       0x18 libDaisy//build/libdaisy.a(stm32h7xx_hal.o)
                0x0000000008007d10                HAL_IncTick
 .text.HAL_GetTick
                0x0000000008007d28        0xc libDaisy//build/libdaisy.a(stm32h7xx_hal.o)
                0x0000000008007d28                HAL_GetTick
 .text.HAL_Delay
                0x0000000008007d34       0x24 libDaisy//build/libdaisy.a(stm32h7xx_hal.o)
                0x0000000008007d34                HAL_Delay
 .text.HAL_GetREVID
                0x0000000008007d58        0xc libDaisy//build/libdaisy.a(stm32h7xx_hal.o)
                0x0000000008007d58                HAL_GetREVID
 .text.HAL_ADC_ConvHalfCpltCallback
                0x0000000008007d64        0x4 libDaisy//build/libdaisy.a(stm32h7xx_hal_adc.o)
                0x0000000008007d64                HAL_ADC_ConvHalfCpltCallback
 .text.ADC_DMAHalfConvCplt
                0x0000000008007d68        0xc libDaisy//build/libdaisy.a(stm32h7xx_hal_adc.o)
                0x0000000008007d68                ADC_DMAHalfConvCplt
 .text.ADC_DMAConvCplt
                0x0000000008007d74       0x6c libDaisy//build/libdaisy.a(stm32h7xx_hal_adc.o)
                0x0000000008007d74                ADC_DMAConvCplt
 .text.ADC_DMAError
                0x0000000008007de0       0x1c libDaisy//build/libdaisy.a(stm32h7xx_hal_adc.o)
                0x0000000008007de0                ADC_DMAError
 .text.HAL_ADC_ConfigChannel
                0x0000000008007dfc      0x3fc libDaisy//build/libdaisy.a(stm32h7xx_hal_adc.o)
                0x0000000008007dfc                HAL_ADC_ConfigChannel
 .text.ADC_Enable
                0x00000000080081f8       0xac libDaisy//build/libdaisy.a(stm32h7xx_hal_adc.o)
                0x00000000080081f8                ADC_Enable
 .text.HAL_ADC_Start_DMA
                0x00000000080082a4      0x114 libDaisy//build/libdaisy.a(stm32h7xx_hal_adc.o)
                0x00000000080082a4                HAL_ADC_Start_DMA
 .text.ADC_Disable
                0x00000000080083b8       0x68 libDaisy//build/libdaisy.a(stm32h7xx_hal_adc.o)
                0x00000000080083b8                ADC_Disable
 .text.ADC_ConfigureBoostMode
                0x0000000008008420      0x184 libDaisy//build/libdaisy.a(stm32h7xx_hal_adc.o)
                0x0000000008008420                ADC_ConfigureBoostMode
 .text.HAL_ADC_Init
                0x00000000080085a4      0x218 libDaisy//build/libdaisy.a(stm32h7xx_hal_adc.o)
                0x00000000080085a4                HAL_ADC_Init
 .text.HAL_ADCEx_Calibration_Start
                0x00000000080087bc       0xa4 libDaisy//build/libdaisy.a(stm32h7xx_hal_adc_ex.o)
                0x00000000080087bc                HAL_ADCEx_Calibration_Start
 .text.HAL_ADCEx_MultiModeConfigChannel
                0x0000000008008860       0xc4 libDaisy//build/libdaisy.a(stm32h7xx_hal_adc_ex.o)
                0x0000000008008860                HAL_ADCEx_MultiModeConfigChannel
 .text.HAL_NVIC_SetPriorityGrouping
                0x0000000008008924       0x24 libDaisy//build/libdaisy.a(stm32h7xx_hal_cortex.o)
                0x0000000008008924                HAL_NVIC_SetPriorityGrouping
 .text.HAL_NVIC_SetPriority
                0x0000000008008948       0x7c libDaisy//build/libdaisy.a(stm32h7xx_hal_cortex.o)
                0x0000000008008948                HAL_NVIC_SetPriority
 .text.HAL_NVIC_EnableIRQ
                0x00000000080089c4       0x1c libDaisy//build/libdaisy.a(stm32h7xx_hal_cortex.o)
                0x00000000080089c4                HAL_NVIC_EnableIRQ
 .text.HAL_NVIC_DisableIRQ
                0x00000000080089e0       0x28 libDaisy//build/libdaisy.a(stm32h7xx_hal_cortex.o)
                0x00000000080089e0                HAL_NVIC_DisableIRQ
 .text.HAL_SYSTICK_Config
                0x0000000008008a08       0x2c libDaisy//build/libdaisy.a(stm32h7xx_hal_cortex.o)
                0x0000000008008a08                HAL_SYSTICK_Config
 .text.HAL_MPU_Disable
                0x0000000008008a34       0x1c libDaisy//build/libdaisy.a(stm32h7xx_hal_cortex.o)
                0x0000000008008a34                HAL_MPU_Disable
 .text.HAL_MPU_Enable
                0x0000000008008a50       0x20 libDaisy//build/libdaisy.a(stm32h7xx_hal_cortex.o)
                0x0000000008008a50                HAL_MPU_Enable
 .text.HAL_MPU_ConfigRegion
                0x0000000008008a70       0x64 libDaisy//build/libdaisy.a(stm32h7xx_hal_cortex.o)
                0x0000000008008a70                HAL_MPU_ConfigRegion
 .text.HAL_SYSTICK_Callback
                0x0000000008008ad4        0x4 libDaisy//build/libdaisy.a(stm32h7xx_hal_cortex.o)
                0x0000000008008ad4                HAL_SYSTICK_Callback
 .text.HAL_SYSTICK_IRQHandler
                0x0000000008008ad8        0x8 libDaisy//build/libdaisy.a(stm32h7xx_hal_cortex.o)
                0x0000000008008ad8                HAL_SYSTICK_IRQHandler
 .text.HAL_DAC_Init
                0x0000000008008ae0       0x2c libDaisy//build/libdaisy.a(stm32h7xx_hal_dac.o)
                0x0000000008008ae0                HAL_DAC_Init
 .text.HAL_DAC_Start
                0x0000000008008b0c       0x5c libDaisy//build/libdaisy.a(stm32h7xx_hal_dac.o)
                0x0000000008008b0c                HAL_DAC_Start
 .text.HAL_DAC_SetValue
                0x0000000008008b68       0x30 libDaisy//build/libdaisy.a(stm32h7xx_hal_dac.o)
                0x0000000008008b68                HAL_DAC_SetValue
 .text.HAL_DAC_DMAUnderrunCallbackCh1
                0x0000000008008b98        0x4 libDaisy//build/libdaisy.a(stm32h7xx_hal_dac.o)
                0x0000000008008b98                HAL_DAC_DMAUnderrunCallbackCh1
 .text.HAL_DAC_IRQHandler
                0x0000000008008b9c       0x68 libDaisy//build/libdaisy.a(stm32h7xx_hal_dac.o)
                0x0000000008008b9c                HAL_DAC_IRQHandler
 .text.HAL_DAC_ConfigChannel
                0x0000000008008c04      0x130 libDaisy//build/libdaisy.a(stm32h7xx_hal_dac.o)
                0x0000000008008c04                HAL_DAC_ConfigChannel
 .text.HAL_DACEx_DMAUnderrunCallbackCh2
                0x0000000008008d34        0x4 libDaisy//build/libdaisy.a(stm32h7xx_hal_dac_ex.o)
                0x0000000008008d34                HAL_DACEx_DMAUnderrunCallbackCh2
 .text.DMA_CalcBaseAndBitshift
                0x0000000008008d38       0xf4 libDaisy//build/libdaisy.a(stm32h7xx_hal_dma.o)
 .text.DMA_CalcDMAMUXChannelBaseAndMask
                0x0000000008008e2c       0xd8 libDaisy//build/libdaisy.a(stm32h7xx_hal_dma.o)
 .text.HAL_DMA_Init
                0x0000000008008f04      0x37c libDaisy//build/libdaisy.a(stm32h7xx_hal_dma.o)
                0x0000000008008f04                HAL_DMA_Init
 .text.HAL_DMA_Start_IT
                0x0000000008009280      0x240 libDaisy//build/libdaisy.a(stm32h7xx_hal_dma.o)
                0x0000000008009280                HAL_DMA_Start_IT
 .text.HAL_DMA_Abort_IT
                0x00000000080094c0      0x134 libDaisy//build/libdaisy.a(stm32h7xx_hal_dma.o)
                0x00000000080094c0                HAL_DMA_Abort_IT
 .text.HAL_DMA_IRQHandler
                0x00000000080095f4      0x6a0 libDaisy//build/libdaisy.a(stm32h7xx_hal_dma.o)
                0x00000000080095f4                HAL_DMA_IRQHandler
 .text.HAL_DMA_GetError
                0x0000000008009c94        0x4 libDaisy//build/libdaisy.a(stm32h7xx_hal_dma.o)
                0x0000000008009c94                HAL_DMA_GetError
 .text.HAL_GPIO_Init
                0x0000000008009c98      0x280 libDaisy//build/libdaisy.a(stm32h7xx_hal_gpio.o)
                0x0000000008009c98                HAL_GPIO_Init
 .text.HAL_GPIO_DeInit
                0x0000000008009f18      0x190 libDaisy//build/libdaisy.a(stm32h7xx_hal_gpio.o)
                0x0000000008009f18                HAL_GPIO_DeInit
 .text.HAL_GPIO_ReadPin
                0x000000000800a0a8        0xc libDaisy//build/libdaisy.a(stm32h7xx_hal_gpio.o)
                0x000000000800a0a8                HAL_GPIO_ReadPin
 .text.HAL_GPIO_WritePin
                0x000000000800a0b4        0x8 libDaisy//build/libdaisy.a(stm32h7xx_hal_gpio.o)
                0x000000000800a0b4                HAL_GPIO_WritePin
 .text.HAL_HCD_IRQHandler
                0x000000000800a0bc      0x780 libDaisy//build/libdaisy.a(stm32h7xx_hal_hcd.o)
                0x000000000800a0bc                HAL_HCD_IRQHandler
 .text.HAL_HCD_Stop
                0x000000000800a83c       0x28 libDaisy//build/libdaisy.a(stm32h7xx_hal_hcd.o)
                0x000000000800a83c                HAL_HCD_Stop
 .text.I2C_WaitOnTXISFlagUntilTimeout
                0x000000000800a864       0xb8 libDaisy//build/libdaisy.a(stm32h7xx_hal_i2c.o)
 .text.I2C_WaitOnSTOPFlagUntilTimeout
                0x000000000800a91c       0xac libDaisy//build/libdaisy.a(stm32h7xx_hal_i2c.o)
 .text.HAL_I2C_Init
                0x000000000800a9c8       0xac libDaisy//build/libdaisy.a(stm32h7xx_hal_i2c.o)
                0x000000000800a9c8                HAL_I2C_Init
 .text.HAL_I2C_Master_Transmit
                0x000000000800aa74      0x1a8 libDaisy//build/libdaisy.a(stm32h7xx_hal_i2c.o)
                0x000000000800aa74                HAL_I2C_Master_Transmit
 .text.HAL_I2C_Slave_Transmit
                0x000000000800ac1c      0x1c8 libDaisy//build/libdaisy.a(stm32h7xx_hal_i2c.o)
                0x000000000800ac1c                HAL_I2C_Slave_Transmit
 .text.HAL_I2C_EV_IRQHandler
                0x000000000800ade4       0x10 libDaisy//build/libdaisy.a(stm32h7xx_hal_i2c.o)
                0x000000000800ade4                HAL_I2C_EV_IRQHandler
 .text.HAL_I2C_GetState
                0x000000000800adf4        0x8 libDaisy//build/libdaisy.a(stm32h7xx_hal_i2c.o)
                0x000000000800adf4                HAL_I2C_GetState
 .text.HAL_I2CEx_ConfigAnalogFilter
                0x000000000800adfc       0x54 libDaisy//build/libdaisy.a(stm32h7xx_hal_i2c_ex.o)
                0x000000000800adfc                HAL_I2CEx_ConfigAnalogFilter
 .text.HAL_I2CEx_ConfigDigitalFilter
                0x000000000800ae50       0x58 libDaisy//build/libdaisy.a(stm32h7xx_hal_i2c_ex.o)
                0x000000000800ae50                HAL_I2CEx_ConfigDigitalFilter
 .text.HAL_PCD_IRQHandler
                0x000000000800aea8      0x69c libDaisy//build/libdaisy.a(stm32h7xx_hal_pcd.o)
                0x000000000800aea8                HAL_PCD_IRQHandler
 .text.HAL_PCD_SetAddress
                0x000000000800b544       0x2c libDaisy//build/libdaisy.a(stm32h7xx_hal_pcd.o)
                0x000000000800b544                HAL_PCD_SetAddress
 .text.HAL_PCD_EP_Open
                0x000000000800b570       0x7c libDaisy//build/libdaisy.a(stm32h7xx_hal_pcd.o)
                0x000000000800b570                HAL_PCD_EP_Open
 .text.HAL_PCD_EP_Receive
                0x000000000800b5ec       0x50 libDaisy//build/libdaisy.a(stm32h7xx_hal_pcd.o)
                0x000000000800b5ec                HAL_PCD_EP_Receive
 .text.HAL_PCD_EP_Transmit
                0x000000000800b63c       0x50 libDaisy//build/libdaisy.a(stm32h7xx_hal_pcd.o)
                0x000000000800b63c                HAL_PCD_EP_Transmit
 .text.HAL_PCD_EP_SetStall
                0x000000000800b68c       0x88 libDaisy//build/libdaisy.a(stm32h7xx_hal_pcd.o)
                0x000000000800b68c                HAL_PCD_EP_SetStall
 .text.HAL_PCD_EP_ClrStall
                0x000000000800b714       0x78 libDaisy//build/libdaisy.a(stm32h7xx_hal_pcd.o)
                0x000000000800b714                HAL_PCD_EP_ClrStall
 .text.HAL_PCDEx_LPM_Callback
                0x000000000800b78c        0x4 libDaisy//build/libdaisy.a(stm32h7xx_hal_pcd_ex.o)
                0x000000000800b78c                HAL_PCDEx_LPM_Callback
 .text.HAL_PWREx_ConfigSupply
                0x000000000800b790       0x4c libDaisy//build/libdaisy.a(stm32h7xx_hal_pwr_ex.o)
                0x000000000800b790                HAL_PWREx_ConfigSupply
 .text.HAL_PWREx_EnableUSBVoltageDetector
                0x000000000800b7dc       0x10 libDaisy//build/libdaisy.a(stm32h7xx_hal_pwr_ex.o)
                0x000000000800b7dc                HAL_PWREx_EnableUSBVoltageDetector
 .text.QSPI_Config
                0x000000000800b7ec      0x174 libDaisy//build/libdaisy.a(stm32h7xx_hal_qspi.o)
 .text.HAL_QSPI_Init
                0x000000000800b960       0xd8 libDaisy//build/libdaisy.a(stm32h7xx_hal_qspi.o)
                0x000000000800b960                HAL_QSPI_Init
 .text.HAL_QSPI_DeInit
                0x000000000800ba38       0x3c libDaisy//build/libdaisy.a(stm32h7xx_hal_qspi.o)
                0x000000000800ba38                HAL_QSPI_DeInit
 .text.HAL_QSPI_Command
                0x000000000800ba74       0xd4 libDaisy//build/libdaisy.a(stm32h7xx_hal_qspi.o)
                0x000000000800ba74                HAL_QSPI_Command
 .text.HAL_QSPI_Transmit
                0x000000000800bb48       0xfc libDaisy//build/libdaisy.a(stm32h7xx_hal_qspi.o)
                0x000000000800bb48                HAL_QSPI_Transmit
 .text.HAL_QSPI_Receive
                0x000000000800bc44      0x108 libDaisy//build/libdaisy.a(stm32h7xx_hal_qspi.o)
                0x000000000800bc44                HAL_QSPI_Receive
 .text.HAL_QSPI_AutoPolling
                0x000000000800bd4c       0xf0 libDaisy//build/libdaisy.a(stm32h7xx_hal_qspi.o)
                0x000000000800bd4c                HAL_QSPI_AutoPolling
 .text.HAL_QSPI_MemoryMapped
                0x000000000800be3c       0xc0 libDaisy//build/libdaisy.a(stm32h7xx_hal_qspi.o)
                0x000000000800be3c                HAL_QSPI_MemoryMapped
 .text.HAL_QSPI_ErrorCallback
                0x000000000800befc        0x4 libDaisy//build/libdaisy.a(stm32h7xx_hal_qspi.o)
                0x000000000800befc                HAL_QSPI_ErrorCallback
 .text.QSPI_DMAAbortCplt
                0x000000000800bf00       0x38 libDaisy//build/libdaisy.a(stm32h7xx_hal_qspi.o)
 .text.HAL_QSPI_AbortCpltCallback
                0x000000000800bf38        0x4 libDaisy//build/libdaisy.a(stm32h7xx_hal_qspi.o)
                0x000000000800bf38                HAL_QSPI_AbortCpltCallback
 .text.HAL_QSPI_CmdCpltCallback
                0x000000000800bf3c        0x4 libDaisy//build/libdaisy.a(stm32h7xx_hal_qspi.o)
                0x000000000800bf3c                HAL_QSPI_CmdCpltCallback
 .text.HAL_QSPI_RxCpltCallback
                0x000000000800bf40        0x4 libDaisy//build/libdaisy.a(stm32h7xx_hal_qspi.o)
                0x000000000800bf40                HAL_QSPI_RxCpltCallback
 .text.HAL_QSPI_TxCpltCallback
                0x000000000800bf44        0x4 libDaisy//build/libdaisy.a(stm32h7xx_hal_qspi.o)
                0x000000000800bf44                HAL_QSPI_TxCpltCallback
 .text.HAL_QSPI_FifoThresholdCallback
                0x000000000800bf48        0x4 libDaisy//build/libdaisy.a(stm32h7xx_hal_qspi.o)
                0x000000000800bf48                HAL_QSPI_FifoThresholdCallback
 .text.HAL_QSPI_StatusMatchCallback
                0x000000000800bf4c        0x4 libDaisy//build/libdaisy.a(stm32h7xx_hal_qspi.o)
                0x000000000800bf4c                HAL_QSPI_StatusMatchCallback
 .text.HAL_QSPI_TimeOutCallback
                0x000000000800bf50        0x4 libDaisy//build/libdaisy.a(stm32h7xx_hal_qspi.o)
                0x000000000800bf50                HAL_QSPI_TimeOutCallback
 .text.HAL_QSPI_IRQHandler
                0x000000000800bf54      0x210 libDaisy//build/libdaisy.a(stm32h7xx_hal_qspi.o)
                0x000000000800bf54                HAL_QSPI_IRQHandler
 .text.HAL_RCC_OscConfig
                0x000000000800c164      0x51c libDaisy//build/libdaisy.a(stm32h7xx_hal_rcc.o)
                0x000000000800c164                HAL_RCC_OscConfig
 .text.HAL_RCC_GetSysClockFreq
                0x000000000800c680      0x140 libDaisy//build/libdaisy.a(stm32h7xx_hal_rcc.o)
                0x000000000800c680                HAL_RCC_GetSysClockFreq
 .text.HAL_RCC_ClockConfig
                0x000000000800c7c0      0x234 libDaisy//build/libdaisy.a(stm32h7xx_hal_rcc.o)
                0x000000000800c7c0                HAL_RCC_ClockConfig
 .text.HAL_RCC_GetHCLKFreq
                0x000000000800c9f4       0x2c libDaisy//build/libdaisy.a(stm32h7xx_hal_rcc.o)
                0x000000000800c9f4                HAL_RCC_GetHCLKFreq
 .text.HAL_RCC_GetPCLK1Freq
                0x000000000800ca20       0x38 libDaisy//build/libdaisy.a(stm32h7xx_hal_rcc.o)
                0x000000000800ca20                HAL_RCC_GetPCLK1Freq
 .text.HAL_RCC_GetPCLK2Freq
                0x000000000800ca58       0x38 libDaisy//build/libdaisy.a(stm32h7xx_hal_rcc.o)
                0x000000000800ca58                HAL_RCC_GetPCLK2Freq
 .text.RCCEx_PLL2_Config
                0x000000000800ca90       0xf4 libDaisy//build/libdaisy.a(stm32h7xx_hal_rcc_ex.o)
 .text.RCCEx_PLL3_Config
                0x000000000800cb84       0xf4 libDaisy//build/libdaisy.a(stm32h7xx_hal_rcc_ex.o)
 .text.HAL_RCCEx_PeriphCLKConfig
                0x000000000800cc78      0xa7c libDaisy//build/libdaisy.a(stm32h7xx_hal_rcc_ex.o)
                0x000000000800cc78                HAL_RCCEx_PeriphCLKConfig
 .text.HAL_RCCEx_GetD3PCLK1Freq
                0x000000000800d6f4       0x24 libDaisy//build/libdaisy.a(stm32h7xx_hal_rcc_ex.o)
                0x000000000800d6f4                HAL_RCCEx_GetD3PCLK1Freq
 .text.HAL_RCCEx_GetPLL2ClockFreq
                0x000000000800d718      0x17c libDaisy//build/libdaisy.a(stm32h7xx_hal_rcc_ex.o)
                0x000000000800d718                HAL_RCCEx_GetPLL2ClockFreq
 .text.HAL_RCCEx_GetPLL3ClockFreq
                0x000000000800d894      0x17c libDaisy//build/libdaisy.a(stm32h7xx_hal_rcc_ex.o)
                0x000000000800d894                HAL_RCCEx_GetPLL3ClockFreq
 .text.HAL_RCCEx_GetPLL1ClockFreq
                0x000000000800da10      0x17c libDaisy//build/libdaisy.a(stm32h7xx_hal_rcc_ex.o)
                0x000000000800da10                HAL_RCCEx_GetPLL1ClockFreq
 .text.HAL_RCCEx_GetPeriphCLKFreq
                0x000000000800db8c      0x198 libDaisy//build/libdaisy.a(stm32h7xx_hal_rcc_ex.o)
                0x000000000800db8c                HAL_RCCEx_GetPeriphCLKFreq
 .text.HAL_RCCEx_GetD1SysClockFreq
                0x000000000800dd24       0x2c libDaisy//build/libdaisy.a(stm32h7xx_hal_rcc_ex.o)
                0x000000000800dd24                HAL_RCCEx_GetD1SysClockFreq
 .text.HAL_SAI_Init.part.0
                0x000000000800dd50      0x348 libDaisy//build/libdaisy.a(stm32h7xx_hal_sai.o)
 .text.HAL_SAI_InitProtocol
                0x000000000800e098      0x178 libDaisy//build/libdaisy.a(stm32h7xx_hal_sai.o)
                0x000000000800e098                HAL_SAI_InitProtocol
 .text.HAL_SAI_Transmit_DMA
                0x000000000800e210      0x124 libDaisy//build/libdaisy.a(stm32h7xx_hal_sai.o)
                0x000000000800e210                HAL_SAI_Transmit_DMA
 .text.HAL_SAI_Receive_DMA
                0x000000000800e334       0xd0 libDaisy//build/libdaisy.a(stm32h7xx_hal_sai.o)
                0x000000000800e334                HAL_SAI_Receive_DMA
 .text.HAL_SAI_TxCpltCallback
                0x000000000800e404        0x4 libDaisy//build/libdaisy.a(stm32h7xx_hal_sai.o)
                0x000000000800e404                HAL_SAI_TxCpltCallback
 .text.SAI_DMATxCplt
                0x000000000800e408       0x64 libDaisy//build/libdaisy.a(stm32h7xx_hal_sai.o)
 .text.HAL_SAI_TxHalfCpltCallback
                0x000000000800e46c        0x4 libDaisy//build/libdaisy.a(stm32h7xx_hal_sai.o)
                0x000000000800e46c                HAL_SAI_TxHalfCpltCallback
 .text.SAI_DMATxHalfCplt
                0x000000000800e470        0xc libDaisy//build/libdaisy.a(stm32h7xx_hal_sai.o)
 .text.SAI_DMARxCplt
                0x000000000800e47c       0x64 libDaisy//build/libdaisy.a(stm32h7xx_hal_sai.o)
 .text.SAI_DMARxHalfCplt
                0x000000000800e4e0        0xc libDaisy//build/libdaisy.a(stm32h7xx_hal_sai.o)
 .text.HAL_SAI_ErrorCallback
                0x000000000800e4ec        0x4 libDaisy//build/libdaisy.a(stm32h7xx_hal_sai.o)
                0x000000000800e4ec                HAL_SAI_ErrorCallback
 .text.SAI_DMAError
                0x000000000800e4f0       0x6c libDaisy//build/libdaisy.a(stm32h7xx_hal_sai.o)
 .text.HAL_SDRAM_Init
                0x000000000800e55c       0x54 libDaisy//build/libdaisy.a(stm32h7xx_hal_sdram.o)
                0x000000000800e55c                HAL_SDRAM_Init
 .text.HAL_SDRAM_SendCommand
                0x000000000800e5b0       0x40 libDaisy//build/libdaisy.a(stm32h7xx_hal_sdram.o)
                0x000000000800e5b0                HAL_SDRAM_SendCommand
 .text.HAL_SDRAM_ProgramRefreshRate
                0x000000000800e5f0       0x30 libDaisy//build/libdaisy.a(stm32h7xx_hal_sdram.o)
                0x000000000800e5f0                HAL_SDRAM_ProgramRefreshRate
 .text.SPI_CloseTransfer
                0x000000000800e620       0xb8 libDaisy//build/libdaisy.a(stm32h7xx_hal_spi.o)
 .text.HAL_SPI_Init
                0x000000000800e6d8      0x15c libDaisy//build/libdaisy.a(stm32h7xx_hal_spi.o)
                0x000000000800e6d8                HAL_SPI_Init
 .text.HAL_SPI_Transmit
                0x000000000800e834      0x314 libDaisy//build/libdaisy.a(stm32h7xx_hal_spi.o)
                0x000000000800e834                HAL_SPI_Transmit
 .text.HAL_SPI_Transmit_DMA
                0x000000000800eb48      0x170 libDaisy//build/libdaisy.a(stm32h7xx_hal_spi.o)
                0x000000000800eb48                HAL_SPI_Transmit_DMA
 .text.HAL_SPI_TransmitReceive_DMA
                0x000000000800ecb8      0x218 libDaisy//build/libdaisy.a(stm32h7xx_hal_spi.o)
                0x000000000800ecb8                HAL_SPI_TransmitReceive_DMA
 .text.HAL_SPI_Receive_DMA
                0x000000000800eed0      0x1b4 libDaisy//build/libdaisy.a(stm32h7xx_hal_spi.o)
                0x000000000800eed0                HAL_SPI_Receive_DMA
 .text.SPI_DMATransmitCplt
                0x000000000800f084       0x28 libDaisy//build/libdaisy.a(stm32h7xx_hal_spi.o)
 .text.SPI_DMAReceiveCplt
                0x000000000800f0ac       0x28 libDaisy//build/libdaisy.a(stm32h7xx_hal_spi.o)
 .text.SPI_DMATransmitReceiveCplt
                0x000000000800f0d4       0x28 libDaisy//build/libdaisy.a(stm32h7xx_hal_spi.o)
 .text.HAL_SPI_TxHalfCpltCallback
                0x000000000800f0fc        0x4 libDaisy//build/libdaisy.a(stm32h7xx_hal_spi.o)
                0x000000000800f0fc                HAL_SPI_TxHalfCpltCallback
 .text.SPI_DMAHalfTransmitCplt
                0x000000000800f100        0xc libDaisy//build/libdaisy.a(stm32h7xx_hal_spi.o)
 .text.HAL_SPI_RxHalfCpltCallback
                0x000000000800f10c        0x4 libDaisy//build/libdaisy.a(stm32h7xx_hal_spi.o)
                0x000000000800f10c                HAL_SPI_RxHalfCpltCallback
 .text.SPI_DMAHalfReceiveCplt
                0x000000000800f110        0xc libDaisy//build/libdaisy.a(stm32h7xx_hal_spi.o)
 .text.HAL_SPI_TxRxHalfCpltCallback
                0x000000000800f11c        0x4 libDaisy//build/libdaisy.a(stm32h7xx_hal_spi.o)
                0x000000000800f11c                HAL_SPI_TxRxHalfCpltCallback
 .text.SPI_DMAHalfTransmitReceiveCplt
                0x000000000800f120        0xc libDaisy//build/libdaisy.a(stm32h7xx_hal_spi.o)
 .text.SPI_DMAError
                0x000000000800f12c       0xd8 libDaisy//build/libdaisy.a(stm32h7xx_hal_spi.o)
 .text.HAL_SPI_IRQHandler
                0x000000000800f204      0x23c libDaisy//build/libdaisy.a(stm32h7xx_hal_spi.o)
                0x000000000800f204                HAL_SPI_IRQHandler
 .text.SPI_DMAAbortOnError
                0x000000000800f440       0x1c libDaisy//build/libdaisy.a(stm32h7xx_hal_spi.o)
 .text.HAL_SPI_GetState
                0x000000000800f45c        0x8 libDaisy//build/libdaisy.a(stm32h7xx_hal_spi.o)
                0x000000000800f45c                HAL_SPI_GetState
 .text.HAL_TIM_Base_Init
                0x000000000800f464      0x140 libDaisy//build/libdaisy.a(stm32h7xx_hal_tim.o)
                0x000000000800f464                HAL_TIM_Base_Init
 .text.HAL_TIM_Base_Start
                0x000000000800f5a4       0x34 libDaisy//build/libdaisy.a(stm32h7xx_hal_tim.o)
                0x000000000800f5a4                HAL_TIM_Base_Start
 .text.HAL_TIM_Base_Start_IT
                0x000000000800f5d8       0x2c libDaisy//build/libdaisy.a(stm32h7xx_hal_tim.o)
                0x000000000800f5d8                HAL_TIM_Base_Start_IT
 .text.HAL_TIM_ConfigClockSource
                0x000000000800f604      0x17c libDaisy//build/libdaisy.a(stm32h7xx_hal_tim.o)
                0x000000000800f604                HAL_TIM_ConfigClockSource
 .text.HAL_TIM_OC_DelayElapsedCallback
                0x000000000800f780        0x4 libDaisy//build/libdaisy.a(stm32h7xx_hal_tim.o)
                0x000000000800f780                HAL_TIM_OC_DelayElapsedCallback
 .text.HAL_TIM_IC_CaptureCallback
                0x000000000800f784        0x4 libDaisy//build/libdaisy.a(stm32h7xx_hal_tim.o)
                0x000000000800f784                HAL_TIM_IC_CaptureCallback
 .text.HAL_TIM_PWM_PulseFinishedCallback
                0x000000000800f788        0x4 libDaisy//build/libdaisy.a(stm32h7xx_hal_tim.o)
                0x000000000800f788                HAL_TIM_PWM_PulseFinishedCallback
 .text.HAL_TIM_TriggerCallback
                0x000000000800f78c        0x4 libDaisy//build/libdaisy.a(stm32h7xx_hal_tim.o)
                0x000000000800f78c                HAL_TIM_TriggerCallback
 .text.HAL_TIM_IRQHandler
                0x000000000800f790      0x170 libDaisy//build/libdaisy.a(stm32h7xx_hal_tim.o)
                0x000000000800f790                HAL_TIM_IRQHandler
 .text.HAL_TIMEx_MasterConfigSynchronization
                0x000000000800f900       0x64 libDaisy//build/libdaisy.a(stm32h7xx_hal_tim_ex.o)
                0x000000000800f900                HAL_TIMEx_MasterConfigSynchronization
 .text.HAL_TIMEx_CommutCallback
                0x000000000800f964        0x4 libDaisy//build/libdaisy.a(stm32h7xx_hal_tim_ex.o)
                0x000000000800f964                HAL_TIMEx_CommutCallback
 .text.HAL_TIMEx_BreakCallback
                0x000000000800f968        0x4 libDaisy//build/libdaisy.a(stm32h7xx_hal_tim_ex.o)
                0x000000000800f968                HAL_TIMEx_BreakCallback
 .text.HAL_TIMEx_Break2Callback
                0x000000000800f96c        0x4 libDaisy//build/libdaisy.a(stm32h7xx_hal_tim_ex.o)
                0x000000000800f96c                HAL_TIMEx_Break2Callback
 .text.HAL_UART_Transmit_DMA
                0x000000000800f970       0xa4 libDaisy//build/libdaisy.a(stm32h7xx_hal_uart.o)
                0x000000000800f970                HAL_UART_Transmit_DMA
 .text.HAL_UART_Receive_DMA
                0x000000000800fa14       0xac libDaisy//build/libdaisy.a(stm32h7xx_hal_uart.o)
                0x000000000800fa14                HAL_UART_Receive_DMA
 .text.UART_DMATransmitCplt
                0x000000000800fac0       0x2c libDaisy//build/libdaisy.a(stm32h7xx_hal_uart.o)
 .text.HAL_UART_TxHalfCpltCallback
                0x000000000800faec        0x4 libDaisy//build/libdaisy.a(stm32h7xx_hal_uart.o)
                0x000000000800faec                HAL_UART_TxHalfCpltCallback
 .text.UART_DMATxHalfCplt
                0x000000000800faf0        0xc libDaisy//build/libdaisy.a(stm32h7xx_hal_uart.o)
 .text.UART_DMAReceiveCplt
                0x000000000800fafc       0x38 libDaisy//build/libdaisy.a(stm32h7xx_hal_uart.o)
 .text.HAL_UART_RxHalfCpltCallback
                0x000000000800fb34        0x4 libDaisy//build/libdaisy.a(stm32h7xx_hal_uart.o)
                0x000000000800fb34                HAL_UART_RxHalfCpltCallback
 .text.UART_DMARxHalfCplt
                0x000000000800fb38        0xc libDaisy//build/libdaisy.a(stm32h7xx_hal_uart.o)
 .text.UART_DMAError
                0x000000000800fb44       0x78 libDaisy//build/libdaisy.a(stm32h7xx_hal_uart.o)
 .text.HAL_UART_IRQHandler
                0x000000000800fbbc      0x1d0 libDaisy//build/libdaisy.a(stm32h7xx_hal_uart.o)
                0x000000000800fbbc                HAL_UART_IRQHandler
 .text.UART_DMAAbortOnError
                0x000000000800fd8c       0x14 libDaisy//build/libdaisy.a(stm32h7xx_hal_uart.o)
 .text.HAL_UART_GetState
                0x000000000800fda0        0xc libDaisy//build/libdaisy.a(stm32h7xx_hal_uart.o)
                0x000000000800fda0                HAL_UART_GetState
 .text.UART_SetConfig
                0x000000000800fdac     0x14b8 libDaisy//build/libdaisy.a(stm32h7xx_hal_uart.o)
                0x000000000800fdac                UART_SetConfig
 .text.UART_AdvFeatureConfig
                0x0000000008011264       0xb0 libDaisy//build/libdaisy.a(stm32h7xx_hal_uart.o)
                0x0000000008011264                UART_AdvFeatureConfig
 .text.UART_CheckIdleState
                0x0000000008011314       0x84 libDaisy//build/libdaisy.a(stm32h7xx_hal_uart.o)
                0x0000000008011314                UART_CheckIdleState
 .text.HAL_UART_Init
                0x0000000008011398       0x68 libDaisy//build/libdaisy.a(stm32h7xx_hal_uart.o)
                0x0000000008011398                HAL_UART_Init
 .text.HAL_UARTEx_WakeupCallback
                0x0000000008011400        0x4 libDaisy//build/libdaisy.a(stm32h7xx_hal_uart_ex.o)
                0x0000000008011400                HAL_UARTEx_WakeupCallback
 .text.HAL_UARTEx_RxFifoFullCallback
                0x0000000008011404        0x4 libDaisy//build/libdaisy.a(stm32h7xx_hal_uart_ex.o)
                0x0000000008011404                HAL_UARTEx_RxFifoFullCallback
 .text.HAL_UARTEx_TxFifoEmptyCallback
                0x0000000008011408        0x4 libDaisy//build/libdaisy.a(stm32h7xx_hal_uart_ex.o)
                0x0000000008011408                HAL_UARTEx_TxFifoEmptyCallback
 .text.HAL_UARTEx_DisableFifoMode
                0x000000000801140c       0x3c libDaisy//build/libdaisy.a(stm32h7xx_hal_uart_ex.o)
                0x000000000801140c                HAL_UARTEx_DisableFifoMode
 .text.HAL_UARTEx_SetTxFifoThreshold
                0x0000000008011448       0xa4 libDaisy//build/libdaisy.a(stm32h7xx_hal_uart_ex.o)
                0x0000000008011448                HAL_UARTEx_SetTxFifoThreshold
 .text.HAL_UARTEx_SetRxFifoThreshold
                0x00000000080114ec       0xa4 libDaisy//build/libdaisy.a(stm32h7xx_hal_uart_ex.o)
                0x00000000080114ec                HAL_UARTEx_SetRxFifoThreshold
 .text.FMC_SDRAM_Init
                0x0000000008011590       0x7c libDaisy//build/libdaisy.a(stm32h7xx_ll_fmc.o)
                0x0000000008011590                FMC_SDRAM_Init
 .text.FMC_SDRAM_Timing_Init
                0x000000000801160c       0x98 libDaisy//build/libdaisy.a(stm32h7xx_ll_fmc.o)
                0x000000000801160c                FMC_SDRAM_Timing_Init
 .text.FMC_SDRAM_SendCommand
                0x00000000080116a4       0x28 libDaisy//build/libdaisy.a(stm32h7xx_ll_fmc.o)
                0x00000000080116a4                FMC_SDRAM_SendCommand
 .text.FMC_SDRAM_ProgramRefreshRate
                0x00000000080116cc       0x1c libDaisy//build/libdaisy.a(stm32h7xx_ll_fmc.o)
                0x00000000080116cc                FMC_SDRAM_ProgramRefreshRate
 .text.USB_SetTurnaroundTime
                0x00000000080116e8      0x104 libDaisy//build/libdaisy.a(stm32h7xx_ll_usb.o)
                0x00000000080116e8                USB_SetTurnaroundTime
 .text.USB_FlushTxFifo
                0x00000000080117ec       0x34 libDaisy//build/libdaisy.a(stm32h7xx_ll_usb.o)
                0x00000000080117ec                USB_FlushTxFifo
 .text.USB_GetDevSpeed
                0x0000000008011820       0x24 libDaisy//build/libdaisy.a(stm32h7xx_ll_usb.o)
                0x0000000008011820                USB_GetDevSpeed
 .text.USB_ActivateEndpoint
                0x0000000008011844       0x90 libDaisy//build/libdaisy.a(stm32h7xx_ll_usb.o)
                0x0000000008011844                USB_ActivateEndpoint
 .text.USB_EPStartXfer
                0x00000000080118d4      0x230 libDaisy//build/libdaisy.a(stm32h7xx_ll_usb.o)
                0x00000000080118d4                USB_EPStartXfer
 .text.USB_EP0StartXfer
                0x0000000008011b04      0x174 libDaisy//build/libdaisy.a(stm32h7xx_ll_usb.o)
                0x0000000008011b04                USB_EP0StartXfer
 .text.USB_WritePacket
                0x0000000008011c78       0x2c libDaisy//build/libdaisy.a(stm32h7xx_ll_usb.o)
                0x0000000008011c78                USB_WritePacket
 .text.USB_ReadPacket
                0x0000000008011ca4       0x20 libDaisy//build/libdaisy.a(stm32h7xx_ll_usb.o)
                0x0000000008011ca4                USB_ReadPacket
 .text.USB_EPSetStall
                0x0000000008011cc4       0x68 libDaisy//build/libdaisy.a(stm32h7xx_ll_usb.o)
                0x0000000008011cc4                USB_EPSetStall
 .text.USB_EPClearStall
                0x0000000008011d2c       0x58 libDaisy//build/libdaisy.a(stm32h7xx_ll_usb.o)
                0x0000000008011d2c                USB_EPClearStall
 .text.USB_SetDevAddress
                0x0000000008011d84       0x24 libDaisy//build/libdaisy.a(stm32h7xx_ll_usb.o)
                0x0000000008011d84                USB_SetDevAddress
 .text.USB_ReadInterrupts
                0x0000000008011da8       0x14 libDaisy//build/libdaisy.a(stm32h7xx_ll_usb.o)
                0x0000000008011da8                USB_ReadInterrupts
 .text.USB_ReadDevAllOutEpInterrupt
                0x0000000008011dbc       0x1c libDaisy//build/libdaisy.a(stm32h7xx_ll_usb.o)
                0x0000000008011dbc                USB_ReadDevAllOutEpInterrupt
 .text.USB_ReadDevAllInEpInterrupt
                0x0000000008011dd8       0x1c libDaisy//build/libdaisy.a(stm32h7xx_ll_usb.o)
                0x0000000008011dd8                USB_ReadDevAllInEpInterrupt
 .text.USB_ReadDevOutEPInterrupt
                0x0000000008011df4       0x1c libDaisy//build/libdaisy.a(stm32h7xx_ll_usb.o)
                0x0000000008011df4                USB_ReadDevOutEPInterrupt
 .text.USB_ReadDevInEPInterrupt
                0x0000000008011e10       0x38 libDaisy//build/libdaisy.a(stm32h7xx_ll_usb.o)
                0x0000000008011e10                USB_ReadDevInEPInterrupt
 .text.USB_GetMode
                0x0000000008011e48        0x8 libDaisy//build/libdaisy.a(stm32h7xx_ll_usb.o)
                0x0000000008011e48                USB_GetMode
 .text.USB_ActivateSetup
                0x0000000008011e50       0x38 libDaisy//build/libdaisy.a(stm32h7xx_ll_usb.o)
                0x0000000008011e50                USB_ActivateSetup
 .text.USB_EP0_OutStart
                0x0000000008011e88       0x58 libDaisy//build/libdaisy.a(stm32h7xx_ll_usb.o)
                0x0000000008011e88                USB_EP0_OutStart
 .text.USB_InitFSLSPClkSel
                0x0000000008011ee0       0x44 libDaisy//build/libdaisy.a(stm32h7xx_ll_usb.o)
                0x0000000008011ee0                USB_InitFSLSPClkSel
 .text.USB_HC_ReadInterrupt
                0x0000000008011f24        0x8 libDaisy//build/libdaisy.a(stm32h7xx_ll_usb.o)
                0x0000000008011f24                USB_HC_ReadInterrupt
 .text.USB_HC_Halt
                0x0000000008011f2c       0xc0 libDaisy//build/libdaisy.a(stm32h7xx_ll_usb.o)
                0x0000000008011f2c                USB_HC_Halt
 .text.USB_StopHost
                0x0000000008011fec      0x2ec libDaisy//build/libdaisy.a(stm32h7xx_ll_usb.o)
                0x0000000008011fec                USB_StopHost
 .text.USBD_SetClassConfig
                0x00000000080122d8       0x14 libDaisy//build/libdaisy.a(usbd_core.o)
                0x00000000080122d8                USBD_SetClassConfig
 .text.USBD_ClrClassConfig
                0x00000000080122ec       0x10 libDaisy//build/libdaisy.a(usbd_core.o)
                0x00000000080122ec                USBD_ClrClassConfig
 .text.USBD_LL_SetupStage
                0x00000000080122fc       0x5c libDaisy//build/libdaisy.a(usbd_core.o)
                0x00000000080122fc                USBD_LL_SetupStage
 .text.USBD_LL_DataOutStage
                0x0000000008012358       0x7c libDaisy//build/libdaisy.a(usbd_core.o)
                0x0000000008012358                USBD_LL_DataOutStage
 .text.USBD_LL_DataInStage
                0x00000000080123d4       0xcc libDaisy//build/libdaisy.a(usbd_core.o)
                0x00000000080123d4                USBD_LL_DataInStage
 .text.USBD_LL_Reset
                0x00000000080124a0       0x50 libDaisy//build/libdaisy.a(usbd_core.o)
                0x00000000080124a0                USBD_LL_Reset
 .text.USBD_LL_SetSpeed
                0x00000000080124f0        0x8 libDaisy//build/libdaisy.a(usbd_core.o)
                0x00000000080124f0                USBD_LL_SetSpeed
 .text.USBD_LL_Suspend
                0x00000000080124f8       0x14 libDaisy//build/libdaisy.a(usbd_core.o)
                0x00000000080124f8                USBD_LL_Suspend
 .text.USBD_LL_Resume
                0x000000000801250c       0x10 libDaisy//build/libdaisy.a(usbd_core.o)
                0x000000000801250c                USBD_LL_Resume
 .text.USBD_LL_SOF
                0x000000000801251c       0x1c libDaisy//build/libdaisy.a(usbd_core.o)
                0x000000000801251c                USBD_LL_SOF
 .text.USBD_LL_IsoINIncomplete
                0x0000000008012538        0x4 libDaisy//build/libdaisy.a(usbd_core.o)
                0x0000000008012538                USBD_LL_IsoINIncomplete
 .text.USBD_LL_IsoOUTIncomplete
                0x000000000801253c        0x4 libDaisy//build/libdaisy.a(usbd_core.o)
                0x000000000801253c                USBD_LL_IsoOUTIncomplete
 .text.USBD_LL_DevConnected
                0x0000000008012540        0x4 libDaisy//build/libdaisy.a(usbd_core.o)
                0x0000000008012540                USBD_LL_DevConnected
 .text.USBD_LL_DevDisconnected
                0x0000000008012544       0x18 libDaisy//build/libdaisy.a(usbd_core.o)
                0x0000000008012544                USBD_LL_DevDisconnected
 .text.USBD_StdDevReq
                0x000000000801255c      0x304 libDaisy//build/libdaisy.a(usbd_ctlreq.o)
                0x000000000801255c                USBD_StdDevReq
 .text.USBD_StdItfReq
                0x0000000008012860       0x68 libDaisy//build/libdaisy.a(usbd_ctlreq.o)
                0x0000000008012860                USBD_StdItfReq
 .text.USBD_StdEPReq